  console.error
    Warning: An update to SettingsScreen inside a test was not wrapped in act(...).
    
    When testing, code that causes React state updates should be wrapped into act(...):
    
    act(() => {
      /* fire events that update state */
    });
    /* assert on the output */
    
    This ensures that you're testing the behavior the user would see in the browser. Learn more at https://reactjs.org/link/wrap-tests-with-act
        at SettingsScreen (C:\Users\Dexinox\Documents\kimi code\EverSiteAudit\src\app\(tabs)\settings.tsx:92:61)

    [0m [90m 116 |[39m     [36mvoid[39m ([36masync[39m ()[33m:[39m [33mPromise[39m[33m<[39m[36mvoid[39m[33m>[39m [33m=>[39m {
     [90m 117 |[39m       [36mconst[39m history [33m=[39m [36mawait[39m getExportHistory()[33m;[39m
    [31m[1m>[22m[39m[90m 118 |[39m       setExportHistory(history)[33m;[39m
     [90m     |[39m       [31m[1m^[22m[39m
     [90m 119 |[39m       [36mconst[39m size [33m=[39m [36mawait[39m calculateCacheSize()[33m;[39m
     [90m 120 |[39m       setCacheSize(size)[33m;[39m
     [90m 121 |[39m     })()[33m;[39m[0m

      at printWarning (node_modules/react-test-renderer/cjs/react-test-renderer.development.js:72:30)
      at error (node_modules/react-test-renderer/cjs/react-test-renderer.development.js:46:7)
      at warnIfUpdatesNotWrappedWithActDEV (node_modules/react-test-renderer/cjs/react-test-renderer.development.js:16716:9)
      at scheduleUpdateOnFiber (node_modules/react-test-renderer/cjs/react-test-renderer.development.js:14916:5)
      at dispatchSetState (node_modules/react-test-renderer/cjs/react-test-renderer.development.js:6767:7)
      at setExportHistory (C:\Users\Dexinox\Documents\kimi code\EverSiteAudit\src\app\(tabs)../../../../../settings.tsx:118:7)
      at asyncGeneratorStep (node_modules/@babel/runtime/helpers/asyncToGenerator.js:3:17)
      at _next (node_modules/@babel/runtime/helpers/asyncToGenerator.js:17:9)

  console.error
    Warning: An update to SettingsScreen inside a test was not wrapped in act(...).
    
    When testing, code that causes React state updates should be wrapped into act(...):
    
    act(() => {
      /* fire events that update state */
    });
    /* assert on the output */
    
    This ensures that you're testing the behavior the user would see in the browser. Learn more at https://reactjs.org/link/wrap-tests-with-act
        at SettingsScreen (C:\Users\Dexinox\Documents\kimi code\EverSiteAudit\src\app\(tabs)\settings.tsx:92:61)

    [0m [90m 118 |[39m       setExportHistory(history)[33m;[39m
     [90m 119 |[39m       [36mconst[39m size [33m=[39m [36mawait[39m calculateCacheSize()[33m;[39m
    [31m[1m>[22m[39m[90m 120 |[39m       setCacheSize(size)[33m;[39m
     [90m     |[39m       [31m[1m^[22m[39m
     [90m 121 |[39m     })()[33m;[39m
     [90m 122 |[39m   }[33m,[39m [])[33m;[39m
     [90m 123 |[39m[0m

      at printWarning (node_modules/react-test-renderer/cjs/react-test-renderer.development.js:72:30)
      at error (node_modules/react-test-renderer/cjs/react-test-renderer.development.js:46:7)
      at warnIfUpdatesNotWrappedWithActDEV (node_modules/react-test-renderer/cjs/react-test-renderer.development.js:16716:9)
      at scheduleUpdateOnFiber (node_modules/react-test-renderer/cjs/react-test-renderer.development.js:14916:5)
      at dispatchSetState (node_modules/react-test-renderer/cjs/react-test-renderer.development.js:6767:7)
      at setCacheSize (C:\Users\Dexinox\Documents\kimi code\EverSiteAudit\src\app\(tabs)../../../../../settings.tsx:120:7)
      at asyncGeneratorStep (node_modules/@babel/runtime/helpers/asyncToGenerator.js:3:17)
      at _next (node_modules/@babel/runtime/helpers/asyncToGenerator.js:17:9)

  console.error
    The above error occurred in the <TabLayout> component:
    
        at Screen (C:\Users\Dexinox\Documents\kimi code\EverSiteAudit\src\app\(tabs)\_layout.tsx:33:13)
    
    Consider adding an error boundary to your tree to customize error handling behavior.
    Visit https://reactjs.org/link/error-boundaries to learn more about error boundaries.

    [0m [90m 607 |[39m
     [90m 608 |[39m     it([32m'(tabs)/_layout ΓÇö Tab layout renders'[39m[33m,[39m () [33m=>[39m {
    [31m[1m>[22m[39m[90m 609 |[39m       render([33m<[39m[33mTabLayout[39m [33m/[39m[33m>[39m)[33m;[39m
     [90m     |[39m             [31m[1m^[22m[39m
     [90m 610 |[39m       expect(screen[33m.[39mtoJSON())[33m.[39mtoBeTruthy()[33m;[39m
     [90m 611 |[39m     })[33m;[39m
     [90m 612 |[39m   })[33m;[39m[0m

      at logCapturedError (node_modules/react-test-renderer/cjs/react-test-renderer.development.js:8678:23)
      at update.callback (node_modules/react-test-renderer/cjs/react-test-renderer.development.js:8711:5)
      at callCallback (node_modules/react-test-renderer/cjs/react-test-renderer.development.js:5175:12)
      at commitUpdateQueue (node_modules/react-test-renderer/cjs/react-test-renderer.development.js:5196:9)
      at commitLayoutEffectOnFiber (node_modules/react-test-renderer/cjs/react-test-renderer.development.js:13271:13)
      at commitLayoutMountEffects_complete (node_modules/react-test-renderer/cjs/react-test-renderer.development.js:14369:9)
      at commitLayoutEffects_begin (node_modules/react-test-renderer/cjs/react-test-renderer.development.js:14355:7)
      at commitLayoutEffects (node_modules/react-test-renderer/cjs/react-test-renderer.development.js:14340:3)
      at commitRootImpl (node_modules/react-test-renderer/cjs/react-test-renderer.development.js:16101:5)
      at commitRoot (node_modules/react-test-renderer/cjs/react-test-renderer.development.js:15972:5)
      at finishConcurrentRender (node_modules/react-test-renderer/cjs/react-test-renderer.development.js:15268:9)
      at performConcurrentWorkOnRoot (node_modules/react-test-renderer/cjs/react-test-renderer.development.js:15185:7)
      at flushActQueue (node_modules/react/cjs/react.development.js:2667:24)
      at act (node_modules/react/cjs/react.development.js:2582:11)
      at actImplementation (node_modules/@testing-library/react-native/src/act.ts:30:25)
      at renderWithAct (node_modules/@testing-library/react-native/src/render-act.ts:13:11)
      at renderInternal (node_modules/@testing-library/react-native/src/render.tsx:69:33)
      at renderInternal (node_modules/@testing-library/react-native/src/render.tsx:44:10)
      at Object.<anonymous> (tests/accessibility/screenCoverage.test.tsx:609:13)

  console.error
    Warning: An update to NewProjectScreen inside a test was not wrapped in act(...).
    
    When testing, code that causes React state updates should be wrapped into act(...):
    
    act(() => {
      /* fire events that update state */
    });
    /* assert on the output */
    
    This ensures that you're testing the behavior the user would see in the browser. Learn more at https://reactjs.org/link/wrap-tests-with-act
        at NewProjectScreen (C:\Users\Dexinox\Documents\kimi code\EverSiteAudit\src\app\projects\new.tsx:29:35)

    [0m [90m 48 |[39m         [36mconst[39m data [33m=[39m [36mawait[39m templateRepository[33m.[39mgetByType([32m'project_structure'[39m)[33m;[39m
     [90m 49 |[39m         [36mif[39m ([33m![39mcancelled) {
    [31m[1m>[22m[39m[90m 50 |[39m           setTemplates(data)[33m;[39m
     [90m    |[39m           [31m[1m^[22m[39m
     [90m 51 |[39m           [36mconst[39m defaultTemplate [33m=[39m data[33m.[39mfind((t) [33m=>[39m t[33m.[39misDefault [33m===[39m [35m1[39m) [33m?[39m[33m?[39m data[[35m0[39m] [33m?[39m[33m?[39m [36mnull[39m[33m;[39m
     [90m 52 |[39m           [36mif[39m (defaultTemplate) {
     [90m 53 |[39m             setSelectedTemplateId(defaultTemplate[33m.[39mid)[33m;[39m[0m

      at printWarning (node_modules/react-test-renderer/cjs/react-test-renderer.development.js:72:30)
      at error (node_modules/react-test-renderer/cjs/react-test-renderer.development.js:46:7)
      at warnIfUpdatesNotWrappedWithActDEV (node_modules/react-test-renderer/cjs/react-test-renderer.development.js:16716:9)
      at scheduleUpdateOnFiber (node_modules/react-test-renderer/cjs/react-test-renderer.development.js:14916:5)
      at dispatchSetState (node_modules/react-test-renderer/cjs/react-test-renderer.development.js:6767:7)
      at setTemplates (src/app/projects/new.tsx:50:11)
      at asyncGeneratorStep (node_modules/@babel/runtime/helpers/asyncToGenerator.js:3:17)
      at _next (node_modules/@babel/runtime/helpers/asyncToGenerator.js:17:9)

  console.error
    Warning: An update to NewProjectScreen inside a test was not wrapped in act(...).
    
    When testing, code that causes React state updates should be wrapped into act(...):
    
    act(() => {
      /* fire events that update state */
    });
    /* assert on the output */
    
    This ensures that you're testing the behavior the user would see in the browser. Learn more at https://reactjs.org/link/wrap-tests-with-act
        at NewProjectScreen (C:\Users\Dexinox\Documents\kimi code\EverSiteAudit\src\app\projects\new.tsx:29:35)

    [0m [90m 51 |[39m           [36mconst[39m defaultTemplate [33m=[39m data[33m.[39mfind((t) [33m=>[39m t[33m.[39misDefault [33m===[39m [35m1[39m) [33m?[39m[33m?[39m data[[35m0[39m] [33m?[39m[33m?[39m [36mnull[39m[33m;[39m
     [90m 52 |[39m           [36mif[39m (defaultTemplate) {
    [31m[1m>[22m[39m[90m 53 |[39m             setSelectedTemplateId(defaultTemplate[33m.[39mid)[33m;[39m
     [90m    |[39m             [31m[1m^[22m[39m
     [90m 54 |[39m           }
     [90m 55 |[39m         }
     [90m 56 |[39m       } [36mcatch[39m (err) {[0m

      at printWarning (node_modules/react-test-renderer/cjs/react-test-renderer.development.js:72:30)
      at error (node_modules/react-test-renderer/cjs/react-test-renderer.development.js:46:7)
      at warnIfUpdatesNotWrappedWithActDEV (node_modules/react-test-renderer/cjs/react-test-renderer.development.js:16716:9)
      at scheduleUpdateOnFiber (node_modules/react-test-renderer/cjs/react-test-renderer.development.js:14916:5)
      at dispatchSetState (node_modules/react-test-renderer/cjs/react-test-renderer.development.js:6767:7)
      at setSelectedTemplateId (src/app/projects/new.tsx:53:13)
      at asyncGeneratorStep (node_modules/@babel/runtime/helpers/asyncToGenerator.js:3:17)
      at _next (node_modules/@babel/runtime/helpers/asyncToGenerator.js:17:9)

  console.error
    Warning: An update to NewProjectScreen inside a test was not wrapped in act(...).
    
    When testing, code that causes React state updates should be wrapped into act(...):
    
    act(() => {
      /* fire events that update state */
    });
    /* assert on the output */
    
    This ensures that you're testing the behavior the user would see in the browser. Learn more at https://reactjs.org/link/wrap-tests-with-act
        at NewProjectScreen (C:\Users\Dexinox\Documents\kimi code\EverSiteAudit\src\app\projects\new.tsx:29:35)

    [0m [90m 60 |[39m       } [36mfinally[39m {
     [90m 61 |[39m         [36mif[39m ([33m![39mcancelled) {
    [31m[1m>[22m[39m[90m 62 |[39m           setIsLoadingTemplates([36mfalse[39m)[33m;[39m
     [90m    |[39m           [31m[1m^[22m[39m
     [90m 63 |[39m         }
     [90m 64 |[39m       }
     [90m 65 |[39m     }[0m

      at printWarning (node_modules/react-test-renderer/cjs/react-test-renderer.development.js:72:30)
      at error (node_modules/react-test-renderer/cjs/react-test-renderer.development.js:46:7)
      at warnIfUpdatesNotWrappedWithActDEV (node_modules/react-test-renderer/cjs/react-test-renderer.development.js:16716:9)
      at scheduleUpdateOnFiber (node_modules/react-test-renderer/cjs/react-test-renderer.development.js:14916:5)
      at dispatchSetState (node_modules/react-test-renderer/cjs/react-test-renderer.development.js:6767:7)
      at setIsLoadingTemplates (src/app/projects/new.tsx:62:11)
      at asyncGeneratorStep (node_modules/@babel/runtime/helpers/asyncToGenerator.js:3:17)
      at _next (node_modules/@babel/runtime/helpers/asyncToGenerator.js:17:9)

  console.error
    Warning: An update to EditProjectScreen inside a test was not wrapped in act(...).
    
    When testing, code that causes React state updates should be wrapped into act(...):
    
    act(() => {
      /* fire events that update state */
    });
    /* assert on the output */
    
    This ensures that you're testing the behavior the user would see in the browser. Learn more at https://reactjs.org/link/wrap-tests-with-act
        at EditProjectScreen (C:\Users\Dexinox\Documents\kimi code\EverSiteAudit\src\app\projects\edit\[id].tsx:33:35)

    [0m [90m 47 |[39m         [36mconst[39m project [33m=[39m [36mawait[39m projectRepository[33m.[39mgetById(id)[33m;[39m
     [90m 48 |[39m         [36mif[39m ([33m![39mcancelled [33m&&[39m project) {
    [31m[1m>[22m[39m[90m 49 |[39m           setName(project[33m.[39mname)[33m;[39m
     [90m    |[39m           [31m[1m^[22m[39m
     [90m 50 |[39m           setSiteAddress(project[33m.[39msiteAddress [33m?[39m[33m?[39m [32m''[39m)[33m;[39m
     [90m 51 |[39m           setClientName(project[33m.[39mclientName [33m?[39m[33m?[39m [32m''[39m)[33m;[39m
     [90m 52 |[39m           setDescription(project[33m.[39mdescription [33m?[39m[33m?[39m [32m''[39m)[33m;[39m[0m

      at printWarning (node_modules/react-test-renderer/cjs/react-test-renderer.development.js:72:30)
      at error (node_modules/react-test-renderer/cjs/react-test-renderer.development.js:46:7)
      at warnIfUpdatesNotWrappedWithActDEV (node_modules/react-test-renderer/cjs/react-test-renderer.development.js:16716:9)
      at scheduleUpdateOnFiber (node_modules/react-test-renderer/cjs/react-test-renderer.development.js:14916:5)
      at dispatchSetState (node_modules/react-test-renderer/cjs/react-test-renderer.development.js:6767:7)
      at setName (src/app/projects/edit/[id].tsx:49:11)
      at asyncGeneratorStep (node_modules/@babel/runtime/helpers/asyncToGenerator.js:3:17)
      at _next (node_modules/@babel/runtime/helpers/asyncToGenerator.js:17:9)

  console.error
    Warning: An update to EditProjectScreen inside a test was not wrapped in act(...).
    
    When testing, code that causes React state updates should be wrapped into act(...):
    
    act(() => {
      /* fire events that update state */
    });
    /* assert on the output */
    
    This ensures that you're testing the behavior the user would see in the browser. Learn more at https://reactjs.org/link/wrap-tests-with-act
        at EditProjectScreen (C:\Users\Dexinox\Documents\kimi code\EverSiteAudit\src\app\projects\edit\[id].tsx:33:35)

    [0m [90m 48 |[39m         [36mif[39m ([33m![39mcancelled [33m&&[39m project) {
     [90m 49 |[39m           setName(project[33m.[39mname)[33m;[39m
    [31m[1m>[22m[39m[90m 50 |[39m           setSiteAddress(project[33m.[39msiteAddress [33m?[39m[33m?[39m [32m''[39m)[33m;[39m
     [90m    |[39m           [31m[1m^[22m[39m
     [90m 51 |[39m           setClientName(project[33m.[39mclientName [33m?[39m[33m?[39m [32m''[39m)[33m;[39m
     [90m 52 |[39m           setDescription(project[33m.[39mdescription [33m?[39m[33m?[39m [32m''[39m)[33m;[39m
     [90m 53 |[39m           setPriority(project[33m.[39mpriority)[33m;[39m[0m

      at printWarning (node_modules/react-test-renderer/cjs/react-test-renderer.development.js:72:30)
      at error (node_modules/react-test-renderer/cjs/react-test-renderer.development.js:46:7)
      at warnIfUpdatesNotWrappedWithActDEV (node_modules/react-test-renderer/cjs/react-test-renderer.development.js:16716:9)
      at scheduleUpdateOnFiber (node_modules/react-test-renderer/cjs/react-test-renderer.development.js:14916:5)
      at dispatchSetState (node_modules/react-test-renderer/cjs/react-test-renderer.development.js:6767:7)
      at setSiteAddress (src/app/projects/edit/[id].tsx:50:11)
      at asyncGeneratorStep (node_modules/@babel/runtime/helpers/asyncToGenerator.js:3:17)
      at _next (node_modules/@babel/runtime/helpers/asyncToGenerator.js:17:9)

  console.error
    Warning: An update to EditProjectScreen inside a test was not wrapped in act(...).
    
    When testing, code that causes React state updates should be wrapped into act(...):
    
    act(() => {
      /* fire events that update state */
    });
    /* assert on the output */
    
    This ensures that you're testing the behavior the user would see in the browser. Learn more at https://reactjs.org/link/wrap-tests-with-act
        at EditProjectScreen (C:\Users\Dexinox\Documents\kimi code\EverSiteAudit\src\app\projects\edit\[id].tsx:33:35)

    [0m [90m 49 |[39m           setName(project[33m.[39mname)[33m;[39m
     [90m 50 |[39m           setSiteAddress(project[33m.[39msiteAddress [33m?[39m[33m?[39m [32m''[39m)[33m;[39m
    [31m[1m>[22m[39m[90m 51 |[39m           setClientName(project[33m.[39mclientName [33m?[39m[33m?[39m [32m''[39m)[33m;[39m
     [90m    |[39m           [31m[1m^[22m[39m
     [90m 52 |[39m           setDescription(project[33m.[39mdescription [33m?[39m[33m?[39m [32m''[39m)[33m;[39m
     [90m 53 |[39m           setPriority(project[33m.[39mpriority)[33m;[39m
     [90m 54 |[39m         }[0m

      at printWarning (node_modules/react-test-renderer/cjs/react-test-renderer.development.js:72:30)
      at error (node_modules/react-test-renderer/cjs/react-test-renderer.development.js:46:7)
      at warnIfUpdatesNotWrappedWithActDEV (node_modules/react-test-renderer/cjs/react-test-renderer.development.js:16716:9)
      at scheduleUpdateOnFiber (node_modules/react-test-renderer/cjs/react-test-renderer.development.js:14916:5)
      at dispatchSetState (node_modules/react-test-renderer/cjs/react-test-renderer.development.js:6767:7)
      at setClientName (src/app/projects/edit/[id].tsx:51:11)
      at asyncGeneratorStep (node_modules/@babel/runtime/helpers/asyncToGenerator.js:3:17)
      at _next (node_modules/@babel/runtime/helpers/asyncToGenerator.js:17:9)

  console.error
    Warning: An update to EditProjectScreen inside a test was not wrapped in act(...).
    
    When testing, code that causes React state updates should be wrapped into act(...):
    
    act(() => {
      /* fire events that update state */
    });
    /* assert on the output */
    
    This ensures that you're testing the behavior the user would see in the browser. Learn more at https://reactjs.org/link/wrap-tests-with-act
        at EditProjectScreen (C:\Users\Dexinox\Documents\kimi code\EverSiteAudit\src\app\projects\edit\[id].tsx:33:35)

    [0m [90m 50 |[39m           setSiteAddress(project[33m.[39msiteAddress [33m?[39m[33m?[39m [32m''[39m)[33m;[39m
     [90m 51 |[39m           setClientName(project[33m.[39mclientName [33m?[39m[33m?[39m [32m''[39m)[33m;[39m
    [31m[1m>[22m[39m[90m 52 |[39m           setDescription(project[33m.[39mdescription [33m?[39m[33m?[39m [32m''[39m)[33m;[39m
     [90m    |[39m           [31m[1m^[22m[39m
     [90m 53 |[39m           setPriority(project[33m.[39mpriority)[33m;[39m
     [90m 54 |[39m         }
     [90m 55 |[39m       } [36mcatch[39m {[0m

      at printWarning (node_modules/react-test-renderer/cjs/react-test-renderer.development.js:72:30)
      at error (node_modules/react-test-renderer/cjs/react-test-renderer.development.js:46:7)
      at warnIfUpdatesNotWrappedWithActDEV (node_modules/react-test-renderer/cjs/react-test-renderer.development.js:16716:9)
      at scheduleUpdateOnFiber (node_modules/react-test-renderer/cjs/react-test-renderer.development.js:14916:5)
      at dispatchSetState (node_modules/react-test-renderer/cjs/react-test-renderer.development.js:6767:7)
      at setDescription (src/app/projects/edit/[id].tsx:52:11)
      at asyncGeneratorStep (node_modules/@babel/runtime/helpers/asyncToGenerator.js:3:17)
      at _next (node_modules/@babel/runtime/helpers/asyncToGenerator.js:17:9)

  console.error
    Warning: An update to EditProjectScreen inside a test was not wrapped in act(...).
    
    When testing, code that causes React state updates should be wrapped into act(...):
    
    act(() => {
      /* fire events that update state */
    });
    /* assert on the output */
    
    This ensures that you're testing the behavior the user would see in the browser. Learn more at https://reactjs.org/link/wrap-tests-with-act
        at EditProjectScreen (C:\Users\Dexinox\Documents\kimi code\EverSiteAudit\src\app\projects\edit\[id].tsx:33:35)

    [0m [90m 51 |[39m           setClientName(project[33m.[39mclientName [33m?[39m[33m?[39m [32m''[39m)[33m;[39m
     [90m 52 |[39m           setDescription(project[33m.[39mdescription [33m?[39m[33m?[39m [32m''[39m)[33m;[39m
    [31m[1m>[22m[39m[90m 53 |[39m           setPriority(project[33m.[39mpriority)[33m;[39m
     [90m    |[39m           [31m[1m^[22m[39m
     [90m 54 |[39m         }
     [90m 55 |[39m       } [36mcatch[39m {
     [90m 56 |[39m         [36mif[39m ([33m![39mcancelled) {[0m

      at printWarning (node_modules/react-test-renderer/cjs/react-test-renderer.development.js:72:30)
      at error (node_modules/react-test-renderer/cjs/react-test-renderer.development.js:46:7)
      at warnIfUpdatesNotWrappedWithActDEV (node_modules/react-test-renderer/cjs/react-test-renderer.development.js:16716:9)
      at scheduleUpdateOnFiber (node_modules/react-test-renderer/cjs/react-test-renderer.development.js:14916:5)
      at dispatchSetState (node_modules/react-test-renderer/cjs/react-test-renderer.development.js:6767:7)
      at setPriority (src/app/projects/edit/[id].tsx:53:11)
      at asyncGeneratorStep (node_modules/@babel/runtime/helpers/asyncToGenerator.js:3:17)
      at _next (node_modules/@babel/runtime/helpers/asyncToGenerator.js:17:9)

  console.error
    Warning: An update to EditProjectScreen inside a test was not wrapped in act(...).
    
    When testing, code that causes React state updates should be wrapped into act(...):
    
    act(() => {
      /* fire events that update state */
    });
    /* assert on the output */
    
    This ensures that you're testing the behavior the user would see in the browser. Learn more at https://reactjs.org/link/wrap-tests-with-act
        at EditProjectScreen (C:\Users\Dexinox\Documents\kimi code\EverSiteAudit\src\app\projects\edit\[id].tsx:33:35)

    [0m [90m 59 |[39m       } [36mfinally[39m {
     [90m 60 |[39m         [36mif[39m ([33m![39mcancelled) {
    [31m[1m>[22m[39m[90m 61 |[39m           setIsLoading([36mfalse[39m)[33m;[39m
     [90m    |[39m           [31m[1m^[22m[39m
     [90m 62 |[39m         }
     [90m 63 |[39m       }
     [90m 64 |[39m     }[0m

      at printWarning (node_modules/react-test-renderer/cjs/react-test-renderer.development.js:72:30)
      at error (node_modules/react-test-renderer/cjs/react-test-renderer.development.js:46:7)
      at warnIfUpdatesNotWrappedWithActDEV (node_modules/react-test-renderer/cjs/react-test-renderer.development.js:16716:9)
      at scheduleUpdateOnFiber (node_modules/react-test-renderer/cjs/react-test-renderer.development.js:14916:5)
      at dispatchSetState (node_modules/react-test-renderer/cjs/react-test-renderer.development.js:6767:7)
      at setIsLoading (src/app/projects/edit/[id].tsx:61:11)
      at asyncGeneratorStep (node_modules/@babel/runtime/helpers/asyncToGenerator.js:3:17)
      at _next (node_modules/@babel/runtime/helpers/asyncToGenerator.js:17:9)

  console.error
    Warning: An update to IssueDetailScreen inside a test was not wrapped in act(...).
    
    When testing, code that causes React state updates should be wrapped into act(...):
    
    act(() => {
      /* fire events that update state */
    });
    /* assert on the output */
    
    This ensures that you're testing the behavior the user would see in the browser. Learn more at https://reactjs.org/link/wrap-tests-with-act
        at IssueDetailScreen (C:\Users\Dexinox\Documents\kimi code\EverSiteAudit\src\app\issues\[id].tsx:194:37)

    [0m [90m 218 |[39m           [36mconst[39m data [33m=[39m [36mawait[39m issueRepository[33m.[39mgetById(id)[33m;[39m
     [90m 219 |[39m           [36mif[39m (mounted) {
    [31m[1m>[22m[39m[90m 220 |[39m             setIssue(data)[33m;[39m
     [90m     |[39m             [31m[1m^[22m[39m
     [90m 221 |[39m           }
     [90m 222 |[39m         } [36mcatch[39m {
     [90m 223 |[39m           [36mif[39m (mounted) {[0m

      at printWarning (node_modules/react-test-renderer/cjs/react-test-renderer.development.js:72:30)
      at error (node_modules/react-test-renderer/cjs/react-test-renderer.development.js:46:7)
      at warnIfUpdatesNotWrappedWithActDEV (node_modules/react-test-renderer/cjs/react-test-renderer.development.js:16716:9)
      at scheduleUpdateOnFiber (node_modules/react-test-renderer/cjs/react-test-renderer.development.js:14916:5)
      at dispatchSetState (node_modules/react-test-renderer/cjs/react-test-renderer.development.js:6767:7)
      at setIssue (src/app/issues/[id].tsx:220:13)
      at asyncGeneratorStep (node_modules/@babel/runtime/helpers/asyncToGenerator.js:3:17)
      at _next (node_modules/@babel/runtime/helpers/asyncToGenerator.js:17:9)

  console.error
    Warning: An update to IssueDetailScreen inside a test was not wrapped in act(...).
    
    When testing, code that causes React state updates should be wrapped into act(...):
    
    act(() => {
      /* fire events that update state */
    });
    /* assert on the output */
    
    This ensures that you're testing the behavior the user would see in the browser. Learn more at https://reactjs.org/link/wrap-tests-with-act
        at IssueDetailScreen (C:\Users\Dexinox\Documents\kimi code\EverSiteAudit\src\app\issues\[id].tsx:194:37)

    [0m [90m 226 |[39m         } [36mfinally[39m {
     [90m 227 |[39m           [36mif[39m (mounted) {
    [31m[1m>[22m[39m[90m 228 |[39m             setIsLoading([36mfalse[39m)[33m;[39m
     [90m     |[39m             [31m[1m^[22m[39m
     [90m 229 |[39m           }
     [90m 230 |[39m         }
     [90m 231 |[39m       }[0m

      at printWarning (node_modules/react-test-renderer/cjs/react-test-renderer.development.js:72:30)
      at error (node_modules/react-test-renderer/cjs/react-test-renderer.development.js:46:7)
      at warnIfUpdatesNotWrappedWithActDEV (node_modules/react-test-renderer/cjs/react-test-renderer.development.js:16716:9)
      at scheduleUpdateOnFiber (node_modules/react-test-renderer/cjs/react-test-renderer.development.js:14916:5)
      at dispatchSetState (node_modules/react-test-renderer/cjs/react-test-renderer.development.js:6767:7)
      at setIsLoading (src/app/issues/[id].tsx:228:13)
      at asyncGeneratorStep (node_modules/@babel/runtime/helpers/asyncToGenerator.js:3:17)
      at _next (node_modules/@babel/runtime/helpers/asyncToGenerator.js:17:9)

  console.error
    Warning: An update to IssueDetailScreen inside a test was not wrapped in act(...).
    
    When testing, code that causes React state updates should be wrapped into act(...):
    
    act(() => {
      /* fire events that update state */
    });
    /* assert on the output */
    
    This ensures that you're testing the behavior the user would see in the browser. Learn more at https://reactjs.org/link/wrap-tests-with-act
        at IssueDetailScreen (C:\Users\Dexinox\Documents\kimi code\EverSiteAudit\src\app\issues\[id].tsx:194:37)

    [0m [90m 266 |[39m     [36mreturn[39m ()[33m:[39m [36mvoid[39m [33m=>[39m {
     [90m 267 |[39m       [36mvoid[39m currentSound[33m?[39m[33m.[39munloadAsync()[33m;[39m
    [31m[1m>[22m[39m[90m 268 |[39m       setSound([36mnull[39m)[33m;[39m
     [90m     |[39m       [31m[1m^[22m[39m
     [90m 269 |[39m       setIsPlaying([36mfalse[39m)[33m;[39m
     [90m 270 |[39m       setDurationMillis([36mnull[39m)[33m;[39m
     [90m 271 |[39m       setPlaybackPosition([36mnull[39m)[33m;[39m[0m

      at printWarning (node_modules/react-test-renderer/cjs/react-test-renderer.development.js:72:30)
      at error (node_modules/react-test-renderer/cjs/react-test-renderer.development.js:46:7)
      at warnIfUpdatesNotWrappedWithActDEV (node_modules/react-test-renderer/cjs/react-test-renderer.development.js:16716:9)
      at scheduleUpdateOnFiber (node_modules/react-test-renderer/cjs/react-test-renderer.development.js:14916:5)
      at dispatchSetState (node_modules/react-test-renderer/cjs/react-test-renderer.development.js:6767:7)
      at setSound (src/app/issues/[id].tsx:268:7)
      at safelyCallDestroy (node_modules/react-test-renderer/cjs/react-test-renderer.development.js:12842:5)
      at commitHookEffectListUnmount (node_modules/react-test-renderer/cjs/react-test-renderer.development.js:13003:11)
      at commitPassiveUnmountOnFiber (node_modules/react-test-renderer/cjs/react-test-renderer.development.js:14561:11)
      at commitPassiveUnmountEffects_complete (node_modules/react-test-renderer/cjs/react-test-renderer.development.js:14537:7)
      at commitPassiveUnmountEffects_begin (node_modules/react-test-renderer/cjs/react-test-renderer.development.js:14526:7)
      at commitPassiveUnmountEffects (node_modules/react-test-renderer/cjs/react-test-renderer.development.js:14471:3)
      at flushPassiveEffectsImpl (node_modules/react-test-renderer/cjs/react-test-renderer.development.js:16286:3)
      at flushPassiveEffects (node_modules/react-test-renderer/cjs/react-test-renderer.development.js:16236:14)
      at node_modules/react-test-renderer/cjs/react-test-renderer.development.js:16051:9
      at workLoop (node_modules/react-test-renderer/node_modules/scheduler/cjs/scheduler.development.js:266:34)
      at flushWork (node_modules/react-test-renderer/node_modules/scheduler/cjs/scheduler.development.js:239:14)
      at Immediate.performWorkUntilDeadline [as _onImmediate] (node_modules/react-test-renderer/node_modules/scheduler/cjs/scheduler.development.js:533:21)

  console.error
    Warning: An update to IssueDetailScreen inside a test was not wrapped in act(...).
    
    When testing, code that causes React state updates should be wrapped into act(...):
    
    act(() => {
      /* fire events that update state */
    });
    /* assert on the output */
    
    This ensures that you're testing the behavior the user would see in the browser. Learn more at https://reactjs.org/link/wrap-tests-with-act
        at IssueDetailScreen (C:\Users\Dexinox\Documents\kimi code\EverSiteAudit\src\app\issues\[id].tsx:194:37)

    [0m [90m 267 |[39m       [36mvoid[39m currentSound[33m?[39m[33m.[39munloadAsync()[33m;[39m
     [90m 268 |[39m       setSound([36mnull[39m)[33m;[39m
    [31m[1m>[22m[39m[90m 269 |[39m       setIsPlaying([36mfalse[39m)[33m;[39m
     [90m     |[39m       [31m[1m^[22m[39m
     [90m 270 |[39m       setDurationMillis([36mnull[39m)[33m;[39m
     [90m 271 |[39m       setPlaybackPosition([36mnull[39m)[33m;[39m
     [90m 272 |[39m     }[33m;[39m[0m

      at printWarning (node_modules/react-test-renderer/cjs/react-test-renderer.development.js:72:30)
      at error (node_modules/react-test-renderer/cjs/react-test-renderer.development.js:46:7)
      at warnIfUpdatesNotWrappedWithActDEV (node_modules/react-test-renderer/cjs/react-test-renderer.development.js:16716:9)
      at scheduleUpdateOnFiber (node_modules/react-test-renderer/cjs/react-test-renderer.development.js:14916:5)
      at dispatchSetState (node_modules/react-test-renderer/cjs/react-test-renderer.development.js:6767:7)
      at setIsPlaying (src/app/issues/[id].tsx:269:7)
      at safelyCallDestroy (node_modules/react-test-renderer/cjs/react-test-renderer.development.js:12842:5)
      at commitHookEffectListUnmount (node_modules/react-test-renderer/cjs/react-test-renderer.development.js:13003:11)
      at commitPassiveUnmountOnFiber (node_modules/react-test-renderer/cjs/react-test-renderer.development.js:14561:11)
      at commitPassiveUnmountEffects_complete (node_modules/react-test-renderer/cjs/react-test-renderer.development.js:14537:7)
      at commitPassiveUnmountEffects_begin (node_modules/react-test-renderer/cjs/react-test-renderer.development.js:14526:7)
      at commitPassiveUnmountEffects (node_modules/react-test-renderer/cjs/react-test-renderer.development.js:14471:3)
      at flushPassiveEffectsImpl (node_modules/react-test-renderer/cjs/react-test-renderer.development.js:16286:3)
      at flushPassiveEffects (node_modules/react-test-renderer/cjs/react-test-renderer.development.js:16236:14)
      at node_modules/react-test-renderer/cjs/react-test-renderer.development.js:16051:9
      at workLoop (node_modules/react-test-renderer/node_modules/scheduler/cjs/scheduler.development.js:266:34)
      at flushWork (node_modules/react-test-renderer/node_modules/scheduler/cjs/scheduler.development.js:239:14)
      at Immediate.performWorkUntilDeadline [as _onImmediate] (node_modules/react-test-renderer/node_modules/scheduler/cjs/scheduler.development.js:533:21)

  console.error
    Warning: An update to IssueDetailScreen inside a test was not wrapped in act(...).
    
    When testing, code that causes React state updates should be wrapped into act(...):
    
    act(() => {
      /* fire events that update state */
    });
    /* assert on the output */
    
    This ensures that you're testing the behavior the user would see in the browser. Learn more at https://reactjs.org/link/wrap-tests-with-act
        at IssueDetailScreen (C:\Users\Dexinox\Documents\kimi code\EverSiteAudit\src\app\issues\[id].tsx:194:37)

    [0m [90m 268 |[39m       setSound([36mnull[39m)[33m;[39m
     [90m 269 |[39m       setIsPlaying([36mfalse[39m)[33m;[39m
    [31m[1m>[22m[39m[90m 270 |[39m       setDurationMillis([36mnull[39m)[33m;[39m
     [90m     |[39m       [31m[1m^[22m[39m
     [90m 271 |[39m       setPlaybackPosition([36mnull[39m)[33m;[39m
     [90m 272 |[39m     }[33m;[39m
     [90m 273 |[39m   }[33m,[39m [issue[33m?[39m[33m.[39mvoiceNoteUrl])[33m;[39m[0m

      at printWarning (node_modules/react-test-renderer/cjs/react-test-renderer.development.js:72:30)
      at error (node_modules/react-test-renderer/cjs/react-test-renderer.development.js:46:7)
      at warnIfUpdatesNotWrappedWithActDEV (node_modules/react-test-renderer/cjs/react-test-renderer.development.js:16716:9)
      at scheduleUpdateOnFiber (node_modules/react-test-renderer/cjs/react-test-renderer.development.js:14916:5)
      at dispatchSetState (node_modules/react-test-renderer/cjs/react-test-renderer.development.js:6767:7)
      at setDurationMillis (src/app/issues/[id].tsx:270:7)
      at safelyCallDestroy (node_modules/react-test-renderer/cjs/react-test-renderer.development.js:12842:5)
      at commitHookEffectListUnmount (node_modules/react-test-renderer/cjs/react-test-renderer.development.js:13003:11)
      at commitPassiveUnmountOnFiber (node_modules/react-test-renderer/cjs/react-test-renderer.development.js:14561:11)
      at commitPassiveUnmountEffects_complete (node_modules/react-test-renderer/cjs/react-test-renderer.development.js:14537:7)
      at commitPassiveUnmountEffects_begin (node_modules/react-test-renderer/cjs/react-test-renderer.development.js:14526:7)
      at commitPassiveUnmountEffects (node_modules/react-test-renderer/cjs/react-test-renderer.development.js:14471:3)
      at flushPassiveEffectsImpl (node_modules/react-test-renderer/cjs/react-test-renderer.development.js:16286:3)
      at flushPassiveEffects (node_modules/react-test-renderer/cjs/react-test-renderer.development.js:16236:14)
      at node_modules/react-test-renderer/cjs/react-test-renderer.development.js:16051:9
      at workLoop (node_modules/react-test-renderer/node_modules/scheduler/cjs/scheduler.development.js:266:34)
      at flushWork (node_modules/react-test-renderer/node_modules/scheduler/cjs/scheduler.development.js:239:14)
      at Immediate.performWorkUntilDeadline [as _onImmediate] (node_modules/react-test-renderer/node_modules/scheduler/cjs/scheduler.development.js:533:21)

  console.error
    Warning: An update to IssueDetailScreen inside a test was not wrapped in act(...).
    
    When testing, code that causes React state updates should be wrapped into act(...):
    
    act(() => {
      /* fire events that update state */
    });
    /* assert on the output */
    
    This ensures that you're testing the behavior the user would see in the browser. Learn more at https://reactjs.org/link/wrap-tests-with-act
        at IssueDetailScreen (C:\Users\Dexinox\Documents\kimi code\EverSiteAudit\src\app\issues\[id].tsx:194:37)

    [0m [90m 269 |[39m       setIsPlaying([36mfalse[39m)[33m;[39m
     [90m 270 |[39m       setDurationMillis([36mnull[39m)[33m;[39m
    [31m[1m>[22m[39m[90m 271 |[39m       setPlaybackPosition([36mnull[39m)[33m;[39m
     [90m     |[39m       [31m[1m^[22m[39m
     [90m 272 |[39m     }[33m;[39m
     [90m 273 |[39m   }[33m,[39m [issue[33m?[39m[33m.[39mvoiceNoteUrl])[33m;[39m
     [90m 274 |[39m[0m

      at printWarning (node_modules/react-test-renderer/cjs/react-test-renderer.development.js:72:30)
      at error (node_modules/react-test-renderer/cjs/react-test-renderer.development.js:46:7)
      at warnIfUpdatesNotWrappedWithActDEV (node_modules/react-test-renderer/cjs/react-test-renderer.development.js:16716:9)
      at scheduleUpdateOnFiber (node_modules/react-test-renderer/cjs/react-test-renderer.development.js:14916:5)
      at dispatchSetState (node_modules/react-test-renderer/cjs/react-test-renderer.development.js:6767:7)
      at setPlaybackPosition (src/app/issues/[id].tsx:271:7)
      at safelyCallDestroy (node_modules/react-test-renderer/cjs/react-test-renderer.development.js:12842:5)
      at commitHookEffectListUnmount (node_modules/react-test-renderer/cjs/react-test-renderer.development.js:13003:11)
      at commitPassiveUnmountOnFiber (node_modules/react-test-renderer/cjs/react-test-renderer.development.js:14561:11)
      at commitPassiveUnmountEffects_complete (node_modules/react-test-renderer/cjs/react-test-renderer.development.js:14537:7)
      at commitPassiveUnmountEffects_begin (node_modules/react-test-renderer/cjs/react-test-renderer.development.js:14526:7)
      at commitPassiveUnmountEffects (node_modules/react-test-renderer/cjs/react-test-renderer.development.js:14471:3)
      at flushPassiveEffectsImpl (node_modules/react-test-renderer/cjs/react-test-renderer.development.js:16286:3)
      at flushPassiveEffects (node_modules/react-test-renderer/cjs/react-test-renderer.development.js:16236:14)
      at node_modules/react-test-renderer/cjs/react-test-renderer.development.js:16051:9
      at workLoop (node_modules/react-test-renderer/node_modules/scheduler/cjs/scheduler.development.js:266:34)
      at flushWork (node_modules/react-test-renderer/node_modules/scheduler/cjs/scheduler.development.js:239:14)
      at Immediate.performWorkUntilDeadline [as _onImmediate] (node_modules/react-test-renderer/node_modules/scheduler/cjs/scheduler.development.js:533:21)

  console.error
    Warning: An update to Animated(View) inside a test was not wrapped in act(...).
    
    When testing, code that causes React state updates should be wrapped into act(...):
    
    act(() => {
      /* fire events that update state */
    });
    /* assert on the output */
    
    This ensures that you're testing the behavior the user would see in the browser. Learn more at https://reactjs.org/link/wrap-tests-with-act
        at C:\Users\Dexinox\Documents\kimi code\EverSiteAudit\node_modules\react-native\Libraries\Animated\createAnimatedComponent.js:38:59
        at children (C:\Users\Dexinox\Documents\kimi code\EverSiteAudit\src\components\AnimatedListItem.tsx:17:3)
        at View
        at View (C:\Users\Dexinox\Documents\kimi code\EverSiteAudit\node_modules\react-native\jest\mockComponent.js:33:18)
        at cellKey (C:\Users\Dexinox\Documents\kimi code\EverSiteAudit\node_modules\@react-native\virtualized-lists\Lists\VirtualizedListContext.js:97:3)
        at CellRenderer (C:\Users\Dexinox\Documents\kimi code\EverSiteAudit\node_modules\@react-native\virtualized-lists\Lists\VirtualizedListCellRenderer.js:57:34)
        at View
        at View (C:\Users\Dexinox\Documents\kimi code\EverSiteAudit\node_modules\react-native\jest\mockComponent.js:33:18)
        at RCTScrollView
        at Component (C:\Users\Dexinox\Documents\kimi code\EverSiteAudit\node_modules\react-native\jest\mockNativeComponent.js:17:18)
        at ScrollViewMock (C:\Users\Dexinox\Documents\kimi code\EverSiteAudit\node_modules\react-native\jest\mockScrollView.js:22:23)
        at children (C:\Users\Dexinox\Documents\kimi code\EverSiteAudit\node_modules\@react-native\virtualized-lists\Lists\VirtualizedListContext.js:62:3)
        at VirtualizedList (C:\Users\Dexinox\Documents\kimi code\EverSiteAudit\node_modules\@react-native\virtualized-lists\Lists\VirtualizedList.js:375:29)
        at FlatList (C:\Users\Dexinox\Documents\kimi code\EverSiteAudit\node_modules\react-native\Libraries\Lists\FlatList.js:425:36)
        at FlashList
        at View
        at View (C:\Users\Dexinox\Documents\kimi code\EverSiteAudit\node_modules\react-native\jest\mockComponent.js:33:18)
        at View
        at View (C:\Users\Dexinox\Documents\kimi code\EverSiteAudit\node_modules\react-native\jest\mockComponent.js:33:18)
        at View
        at View (C:\Users\Dexinox\Documents\kimi code\EverSiteAudit\node_modules\react-native\jest\mockComponent.js:33:18)
        at RCTScrollView
        at Component (C:\Users\Dexinox\Documents\kimi code\EverSiteAudit\node_modules\react-native\jest\mockNativeComponent.js:17:18)
        at ScrollViewMock (C:\Users\Dexinox\Documents\kimi code\EverSiteAudit\node_modules\react-native\jest\mockScrollView.js:22:23)
        at View
        at View (C:\Users\Dexinox\Documents\kimi code\EverSiteAudit\node_modules\react-native\jest\mockComponent.js:33:18)
        at View
        at View (C:\Users\Dexinox\Documents\kimi code\EverSiteAudit\node_modules\react-native\jest\mockComponent.js:33:18)
        at View
        at View (C:\Users\Dexinox\Documents\kimi code\EverSiteAudit\node_modules\react-native\jest\mockComponent.js:33:18)
        at children (C:\Users\Dexinox\Documents\kimi code\EverSiteAudit\tests\setup.ts:335:22)
        at children (C:\Users\Dexinox\Documents\kimi code\EverSiteAudit\src\components\Screen.tsx:17:3)
        at IssueDetailScreen (C:\Users\Dexinox\Documents\kimi code\EverSiteAudit\src\app\issues\[id].tsx:194:37)

    [0m [90m 27 |[39m   useEffect(() [33m=>[39m {
     [90m 28 |[39m     [36mif[39m (reduceMotion [33m||[39m [33m![39manimate [33m||[39m hasAnimated[33m.[39mcurrent) {
    [31m[1m>[22m[39m[90m 29 |[39m       opacity[33m.[39msetValue([35m1[39m)[33m;[39m
     [90m    |[39m               [31m[1m^[22m[39m
     [90m 30 |[39m       translateY[33m.[39msetValue([35m0[39m)[33m;[39m
     [90m 31 |[39m       hasAnimated[33m.[39mcurrent [33m=[39m [36mtrue[39m[33m;[39m
     [90m 32 |[39m       [36mreturn[39m[33m;[39m[0m

      at printWarning (node_modules/react-test-renderer/cjs/react-test-renderer.development.js:72:30)
      at error (node_modules/react-test-renderer/cjs/react-test-renderer.development.js:46:7)
      at warnIfUpdatesNotWrappedWithActDEV (node_modules/react-test-renderer/cjs/react-test-renderer.development.js:16716:9)
      at scheduleUpdateOnFiber (node_modules/react-test-renderer/cjs/react-test-renderer.development.js:14916:5)
      at dispatchReducerAction (node_modules/react-test-renderer/cjs/react-test-renderer.development.js:6694:7)
      at Object.scheduleUpdate [as current] (node_modules/react-native/Libraries/Animated/useAnimatedProps.js:97:18)
      at AnimatedProps.current [as _callback] (node_modules/react-native/Libraries/Animated/useAnimatedProps.js:56:54)
      at AnimatedProps._callback [as update] (node_modules/react-native/Libraries/Animated/nodes/AnimatedProps.js:135:10)
      at update (node_modules/react-native/Libraries/Animated/nodes/AnimatedValue.js:63:31)
          at Set.forEach (<anonymous>)
      at forEach (node_modules/react-native/Libraries/Animated/nodes/AnimatedValue.js:63:10)
      at AnimatedValue.flushValue [as _updateValue] (node_modules/react-native/Libraries/Animated/nodes/AnimatedValue.js:291:7)
      at AnimatedValue._updateValue [as setValue] (node_modules/react-native/Libraries/Animated/nodes/AnimatedValue.js:130:10)
      at setValue (src/components/AnimatedListItem.tsx:29:15)
      at commitHookEffectListMount (node_modules/react-test-renderer/cjs/react-test-renderer.development.js:13038:26)
      at commitPassiveMountOnFiber (node_modules/react-test-renderer/cjs/react-test-renderer.development.js:14456:13)
      at commitPassiveMountEffects_complete (node_modules/react-test-renderer/cjs/react-test-renderer.development.js:14421:9)
      at commitPassiveMountEffects_begin (node_modules/react-test-renderer/cjs/react-test-renderer.development.js:14408:7)
      at commitPassiveMountEffects (node_modules/react-test-renderer/cjs/react-test-renderer.development.js:14396:3)
      at flushPassiveEffectsImpl (node_modules/react-test-renderer/cjs/react-test-renderer.development.js:16287:3)
      at flushPassiveEffects (node_modules/react-test-renderer/cjs/react-test-renderer.development.js:16236:14)
      at node_modules/react-test-renderer/cjs/react-test-renderer.development.js:16051:9
      at workLoop (node_modules/react-test-renderer/node_modules/scheduler/cjs/scheduler.development.js:266:34)
      at flushWork (node_modules/react-test-renderer/node_modules/scheduler/cjs/scheduler.development.js:239:14)
      at Immediate.performWorkUntilDeadline [as _onImmediate] (node_modules/react-test-renderer/node_modules/scheduler/cjs/scheduler.development.js:533:21)

  console.error
    Warning: An update to Animated(View) inside a test was not wrapped in act(...).
    
    When testing, code that causes React state updates should be wrapped into act(...):
    
    act(() => {
      /* fire events that update state */
    });
    /* assert on the output */
    
    This ensures that you're testing the behavior the user would see in the browser. Learn more at https://reactjs.org/link/wrap-tests-with-act
        at C:\Users\Dexinox\Documents\kimi code\EverSiteAudit\node_modules\react-native\Libraries\Animated\createAnimatedComponent.js:38:59
        at children (C:\Users\Dexinox\Documents\kimi code\EverSiteAudit\src\components\AnimatedListItem.tsx:17:3)
        at View
        at View (C:\Users\Dexinox\Documents\kimi code\EverSiteAudit\node_modules\react-native\jest\mockComponent.js:33:18)
        at cellKey (C:\Users\Dexinox\Documents\kimi code\EverSiteAudit\node_modules\@react-native\virtualized-lists\Lists\VirtualizedListContext.js:97:3)
        at CellRenderer (C:\Users\Dexinox\Documents\kimi code\EverSiteAudit\node_modules\@react-native\virtualized-lists\Lists\VirtualizedListCellRenderer.js:57:34)
        at View
        at View (C:\Users\Dexinox\Documents\kimi code\EverSiteAudit\node_modules\react-native\jest\mockComponent.js:33:18)
        at RCTScrollView
        at Component (C:\Users\Dexinox\Documents\kimi code\EverSiteAudit\node_modules\react-native\jest\mockNativeComponent.js:17:18)
        at ScrollViewMock (C:\Users\Dexinox\Documents\kimi code\EverSiteAudit\node_modules\react-native\jest\mockScrollView.js:22:23)
        at children (C:\Users\Dexinox\Documents\kimi code\EverSiteAudit\node_modules\@react-native\virtualized-lists\Lists\VirtualizedListContext.js:62:3)
        at VirtualizedList (C:\Users\Dexinox\Documents\kimi code\EverSiteAudit\node_modules\@react-native\virtualized-lists\Lists\VirtualizedList.js:375:29)
        at FlatList (C:\Users\Dexinox\Documents\kimi code\EverSiteAudit\node_modules\react-native\Libraries\Lists\FlatList.js:425:36)
        at FlashList
        at View
        at View (C:\Users\Dexinox\Documents\kimi code\EverSiteAudit\node_modules\react-native\jest\mockComponent.js:33:18)
        at View
        at View (C:\Users\Dexinox\Documents\kimi code\EverSiteAudit\node_modules\react-native\jest\mockComponent.js:33:18)
        at View
        at View (C:\Users\Dexinox\Documents\kimi code\EverSiteAudit\node_modules\react-native\jest\mockComponent.js:33:18)
        at RCTScrollView
        at Component (C:\Users\Dexinox\Documents\kimi code\EverSiteAudit\node_modules\react-native\jest\mockNativeComponent.js:17:18)
        at ScrollViewMock (C:\Users\Dexinox\Documents\kimi code\EverSiteAudit\node_modules\react-native\jest\mockScrollView.js:22:23)
        at View
        at View (C:\Users\Dexinox\Documents\kimi code\EverSiteAudit\node_modules\react-native\jest\mockComponent.js:33:18)
        at View
        at View (C:\Users\Dexinox\Documents\kimi code\EverSiteAudit\node_modules\react-native\jest\mockComponent.js:33:18)
        at View
        at View (C:\Users\Dexinox\Documents\kimi code\EverSiteAudit\node_modules\react-native\jest\mockComponent.js:33:18)
        at children (C:\Users\Dexinox\Documents\kimi code\EverSiteAudit\tests\setup.ts:335:22)
        at children (C:\Users\Dexinox\Documents\kimi code\EverSiteAudit\src\components\Screen.tsx:17:3)
        at IssueDetailScreen (C:\Users\Dexinox\Documents\kimi code\EverSiteAudit\src\app\issues\[id].tsx:194:37)

    [0m [90m 28 |[39m     [36mif[39m (reduceMotion [33m||[39m [33m![39manimate [33m||[39m hasAnimated[33m.[39mcurrent) {
     [90m 29 |[39m       opacity[33m.[39msetValue([35m1[39m)[33m;[39m
    [31m[1m>[22m[39m[90m 30 |[39m       translateY[33m.[39msetValue([35m0[39m)[33m;[39m
     [90m    |[39m                  [31m[1m^[22m[39m
     [90m 31 |[39m       hasAnimated[33m.[39mcurrent [33m=[39m [36mtrue[39m[33m;[39m
     [90m 32 |[39m       [36mreturn[39m[33m;[39m
     [90m 33 |[39m     }[0m

      at printWarning (node_modules/react-test-renderer/cjs/react-test-renderer.development.js:72:30)
      at error (node_modules/react-test-renderer/cjs/react-test-renderer.development.js:46:7)
      at warnIfUpdatesNotWrappedWithActDEV (node_modules/react-test-renderer/cjs/react-test-renderer.development.js:16716:9)
      at scheduleUpdateOnFiber (node_modules/react-test-renderer/cjs/react-test-renderer.development.js:14916:5)
      at dispatchReducerAction (node_modules/react-test-renderer/cjs/react-test-renderer.development.js:6694:7)
      at Object.scheduleUpdate [as current] (node_modules/react-native/Libraries/Animated/useAnimatedProps.js:97:18)
      at AnimatedProps.current [as _callback] (node_modules/react-native/Libraries/Animated/useAnimatedProps.js:56:54)
      at AnimatedProps._callback [as update] (node_modules/react-native/Libraries/Animated/nodes/AnimatedProps.js:135:10)
      at update (node_modules/react-native/Libraries/Animated/nodes/AnimatedValue.js:63:31)
          at Set.forEach (<anonymous>)
      at forEach (node_modules/react-native/Libraries/Animated/nodes/AnimatedValue.js:63:10)
      at AnimatedValue.flushValue [as _updateValue] (node_modules/react-native/Libraries/Animated/nodes/AnimatedValue.js:291:7)
      at AnimatedValue._updateValue [as setValue] (node_modules/react-native/Libraries/Animated/nodes/AnimatedValue.js:130:10)
      at setValue (src/components/AnimatedListItem.tsx:30:18)
      at commitHookEffectListMount (node_modules/react-test-renderer/cjs/react-test-renderer.development.js:13038:26)
      at commitPassiveMountOnFiber (node_modules/react-test-renderer/cjs/react-test-renderer.development.js:14456:13)
      at commitPassiveMountEffects_complete (node_modules/react-test-renderer/cjs/react-test-renderer.development.js:14421:9)
      at commitPassiveMountEffects_begin (node_modules/react-test-renderer/cjs/react-test-renderer.development.js:14408:7)
      at commitPassiveMountEffects (node_modules/react-test-renderer/cjs/react-test-renderer.development.js:14396:3)
      at flushPassiveEffectsImpl (node_modules/react-test-renderer/cjs/react-test-renderer.development.js:16287:3)
      at flushPassiveEffects (node_modules/react-test-renderer/cjs/react-test-renderer.development.js:16236:14)
      at node_modules/react-test-renderer/cjs/react-test-renderer.development.js:16051:9
      at workLoop (node_modules/react-test-renderer/node_modules/scheduler/cjs/scheduler.development.js:266:34)
      at flushWork (node_modules/react-test-renderer/node_modules/scheduler/cjs/scheduler.development.js:239:14)
      at Immediate.performWorkUntilDeadline [as _onImmediate] (node_modules/react-test-renderer/node_modules/scheduler/cjs/scheduler.development.js:533:21)

  console.error
    Warning: An update to EditIssueScreen inside a test was not wrapped in act(...).
    
    When testing, code that causes React state updates should be wrapped into act(...):
    
    act(() => {
      /* fire events that update state */
    });
    /* assert on the output */
    
    This ensures that you're testing the behavior the user would see in the browser. Learn more at https://reactjs.org/link/wrap-tests-with-act
        at EditIssueScreen (C:\Users\Dexinox\Documents\kimi code\EverSiteAudit\src\app\issues\edit\[id].tsx:188:37)

    [0m [90m 226 |[39m       [36mif[39m (mounted) {
     [90m 227 |[39m         [36mif[39m (target) {
    [31m[1m>[22m[39m[90m 228 |[39m           setIssue(target)[33m;[39m
     [90m     |[39m           [31m[1m^[22m[39m
     [90m 229 |[39m           setTitle(target[33m.[39mtitle)[33m;[39m
     [90m 230 |[39m           setDescription(target[33m.[39mdescription [33m?[39m[33m?[39m [32m''[39m)[33m;[39m
     [90m 231 |[39m           setCategory(target[33m.[39mcategory)[33m;[39m[0m

      at printWarning (node_modules/react-test-renderer/cjs/react-test-renderer.development.js:72:30)
      at error (node_modules/react-test-renderer/cjs/react-test-renderer.development.js:46:7)
      at warnIfUpdatesNotWrappedWithActDEV (node_modules/react-test-renderer/cjs/react-test-renderer.development.js:16716:9)
      at scheduleUpdateOnFiber (node_modules/react-test-renderer/cjs/react-test-renderer.development.js:14916:5)
      at dispatchSetState (node_modules/react-test-renderer/cjs/react-test-renderer.development.js:6767:7)
      at setIssue (src/app/issues/edit/[id].tsx:228:11)
      at asyncGeneratorStep (node_modules/@babel/runtime/helpers/asyncToGenerator.js:3:17)
      at _next (node_modules/@babel/runtime/helpers/asyncToGenerator.js:17:9)

  console.error
    Warning: An update to EditIssueScreen inside a test was not wrapped in act(...).
    
    When testing, code that causes React state updates should be wrapped into act(...):
    
    act(() => {
      /* fire events that update state */
    });
    /* assert on the output */
    
    This ensures that you're testing the behavior the user would see in the browser. Learn more at https://reactjs.org/link/wrap-tests-with-act
        at EditIssueScreen (C:\Users\Dexinox\Documents\kimi code\EverSiteAudit\src\app\issues\edit\[id].tsx:188:37)

    [0m [90m 227 |[39m         [36mif[39m (target) {
     [90m 228 |[39m           setIssue(target)[33m;[39m
    [31m[1m>[22m[39m[90m 229 |[39m           setTitle(target[33m.[39mtitle)[33m;[39m
     [90m     |[39m           [31m[1m^[22m[39m
     [90m 230 |[39m           setDescription(target[33m.[39mdescription [33m?[39m[33m?[39m [32m''[39m)[33m;[39m
     [90m 231 |[39m           setCategory(target[33m.[39mcategory)[33m;[39m
     [90m 232 |[39m           setSeverity(target[33m.[39mseverity)[33m;[39m[0m

      at printWarning (node_modules/react-test-renderer/cjs/react-test-renderer.development.js:72:30)
      at error (node_modules/react-test-renderer/cjs/react-test-renderer.development.js:46:7)
      at warnIfUpdatesNotWrappedWithActDEV (node_modules/react-test-renderer/cjs/react-test-renderer.development.js:16716:9)
      at scheduleUpdateOnFiber (node_modules/react-test-renderer/cjs/react-test-renderer.development.js:14916:5)
      at dispatchSetState (node_modules/react-test-renderer/cjs/react-test-renderer.development.js:6767:7)
      at setTitle (src/app/issues/edit/[id].tsx:229:11)
      at asyncGeneratorStep (node_modules/@babel/runtime/helpers/asyncToGenerator.js:3:17)
      at _next (node_modules/@babel/runtime/helpers/asyncToGenerator.js:17:9)

  console.error
    Warning: An update to EditIssueScreen inside a test was not wrapped in act(...).
    
    When testing, code that causes React state updates should be wrapped into act(...):
    
    act(() => {
      /* fire events that update state */
    });
    /* assert on the output */
    
    This ensures that you're testing the behavior the user would see in the browser. Learn more at https://reactjs.org/link/wrap-tests-with-act
        at EditIssueScreen (C:\Users\Dexinox\Documents\kimi code\EverSiteAudit\src\app\issues\edit\[id].tsx:188:37)

    [0m [90m 228 |[39m           setIssue(target)[33m;[39m
     [90m 229 |[39m           setTitle(target[33m.[39mtitle)[33m;[39m
    [31m[1m>[22m[39m[90m 230 |[39m           setDescription(target[33m.[39mdescription [33m?[39m[33m?[39m [32m''[39m)[33m;[39m
     [90m     |[39m           [31m[1m^[22m[39m
     [90m 231 |[39m           setCategory(target[33m.[39mcategory)[33m;[39m
     [90m 232 |[39m           setSeverity(target[33m.[39mseverity)[33m;[39m
     [90m 233 |[39m           setStatus(target[33m.[39mstatus)[33m;[39m[0m

      at printWarning (node_modules/react-test-renderer/cjs/react-test-renderer.development.js:72:30)
      at error (node_modules/react-test-renderer/cjs/react-test-renderer.development.js:46:7)
      at warnIfUpdatesNotWrappedWithActDEV (node_modules/react-test-renderer/cjs/react-test-renderer.development.js:16716:9)
      at scheduleUpdateOnFiber (node_modules/react-test-renderer/cjs/react-test-renderer.development.js:14916:5)
      at dispatchSetState (node_modules/react-test-renderer/cjs/react-test-renderer.development.js:6767:7)
      at setDescription (src/app/issues/edit/[id].tsx:230:11)
      at asyncGeneratorStep (node_modules/@babel/runtime/helpers/asyncToGenerator.js:3:17)
      at _next (node_modules/@babel/runtime/helpers/asyncToGenerator.js:17:9)

  console.error
    Warning: An update to EditIssueScreen inside a test was not wrapped in act(...).
    
    When testing, code that causes React state updates should be wrapped into act(...):
    
    act(() => {
      /* fire events that update state */
    });
    /* assert on the output */
    
    This ensures that you're testing the behavior the user would see in the browser. Learn more at https://reactjs.org/link/wrap-tests-with-act
        at EditIssueScreen (C:\Users\Dexinox\Documents\kimi code\EverSiteAudit\src\app\issues\edit\[id].tsx:188:37)

    [0m [90m 229 |[39m           setTitle(target[33m.[39mtitle)[33m;[39m
     [90m 230 |[39m           setDescription(target[33m.[39mdescription [33m?[39m[33m?[39m [32m''[39m)[33m;[39m
    [31m[1m>[22m[39m[90m 231 |[39m           setCategory(target[33m.[39mcategory)[33m;[39m
     [90m     |[39m           [31m[1m^[22m[39m
     [90m 232 |[39m           setSeverity(target[33m.[39mseverity)[33m;[39m
     [90m 233 |[39m           setStatus(target[33m.[39mstatus)[33m;[39m
     [90m 234 |[39m           setLocationDescription(target[33m.[39mlocationDescription [33m?[39m[33m?[39m [32m''[39m)[33m;[39m[0m

      at printWarning (node_modules/react-test-renderer/cjs/react-test-renderer.development.js:72:30)
      at error (node_modules/react-test-renderer/cjs/react-test-renderer.development.js:46:7)
      at warnIfUpdatesNotWrappedWithActDEV (node_modules/react-test-renderer/cjs/react-test-renderer.development.js:16716:9)
      at scheduleUpdateOnFiber (node_modules/react-test-renderer/cjs/react-test-renderer.development.js:14916:5)
      at dispatchSetState (node_modules/react-test-renderer/cjs/react-test-renderer.development.js:6767:7)
      at setCategory (src/app/issues/edit/[id].tsx:231:11)
      at asyncGeneratorStep (node_modules/@babel/runtime/helpers/asyncToGenerator.js:3:17)
      at _next (node_modules/@babel/runtime/helpers/asyncToGenerator.js:17:9)

  console.error
    Warning: An update to EditIssueScreen inside a test was not wrapped in act(...).
    
    When testing, code that causes React state updates should be wrapped into act(...):
    
    act(() => {
      /* fire events that update state */
    });
    /* assert on the output */
    
    This ensures that you're testing the behavior the user would see in the browser. Learn more at https://reactjs.org/link/wrap-tests-with-act
        at EditIssueScreen (C:\Users\Dexinox\Documents\kimi code\EverSiteAudit\src\app\issues\edit\[id].tsx:188:37)

    [0m [90m 230 |[39m           setDescription(target[33m.[39mdescription [33m?[39m[33m?[39m [32m''[39m)[33m;[39m
     [90m 231 |[39m           setCategory(target[33m.[39mcategory)[33m;[39m
    [31m[1m>[22m[39m[90m 232 |[39m           setSeverity(target[33m.[39mseverity)[33m;[39m
     [90m     |[39m           [31m[1m^[22m[39m
     [90m 233 |[39m           setStatus(target[33m.[39mstatus)[33m;[39m
     [90m 234 |[39m           setLocationDescription(target[33m.[39mlocationDescription [33m?[39m[33m?[39m [32m''[39m)[33m;[39m
     [90m 235 |[39m           setAssignedTo(target[33m.[39massignedTo [33m?[39m[33m?[39m [32m''[39m)[33m;[39m[0m

      at printWarning (node_modules/react-test-renderer/cjs/react-test-renderer.development.js:72:30)
      at error (node_modules/react-test-renderer/cjs/react-test-renderer.development.js:46:7)
      at warnIfUpdatesNotWrappedWithActDEV (node_modules/react-test-renderer/cjs/react-test-renderer.development.js:16716:9)
      at scheduleUpdateOnFiber (node_modules/react-test-renderer/cjs/react-test-renderer.development.js:14916:5)
      at dispatchSetState (node_modules/react-test-renderer/cjs/react-test-renderer.development.js:6767:7)
      at setSeverity (src/app/issues/edit/[id].tsx:232:11)
      at asyncGeneratorStep (node_modules/@babel/runtime/helpers/asyncToGenerator.js:3:17)
      at _next (node_modules/@babel/runtime/helpers/asyncToGenerator.js:17:9)

  console.error
    Warning: An update to EditIssueScreen inside a test was not wrapped in act(...).
    
    When testing, code that causes React state updates should be wrapped into act(...):
    
    act(() => {
      /* fire events that update state */
    });
    /* assert on the output */
    
    This ensures that you're testing the behavior the user would see in the browser. Learn more at https://reactjs.org/link/wrap-tests-with-act
        at EditIssueScreen (C:\Users\Dexinox\Documents\kimi code\EverSiteAudit\src\app\issues\edit\[id].tsx:188:37)

    [0m [90m 231 |[39m           setCategory(target[33m.[39mcategory)[33m;[39m
     [90m 232 |[39m           setSeverity(target[33m.[39mseverity)[33m;[39m
    [31m[1m>[22m[39m[90m 233 |[39m           setStatus(target[33m.[39mstatus)[33m;[39m
     [90m     |[39m           [31m[1m^[22m[39m
     [90m 234 |[39m           setLocationDescription(target[33m.[39mlocationDescription [33m?[39m[33m?[39m [32m''[39m)[33m;[39m
     [90m 235 |[39m           setAssignedTo(target[33m.[39massignedTo [33m?[39m[33m?[39m [32m''[39m)[33m;[39m
     [90m 236 |[39m           setDueDateInput(target[33m.[39mdueDate [33m?[39m [36mnew[39m [33mDate[39m(target[33m.[39mdueDate)[33m.[39mtoLocaleDateString() [33m:[39m [32m''[39m)[33m;[39m[0m

      at printWarning (node_modules/react-test-renderer/cjs/react-test-renderer.development.js:72:30)
      at error (node_modules/react-test-renderer/cjs/react-test-renderer.development.js:46:7)
      at warnIfUpdatesNotWrappedWithActDEV (node_modules/react-test-renderer/cjs/react-test-renderer.development.js:16716:9)
      at scheduleUpdateOnFiber (node_modules/react-test-renderer/cjs/react-test-renderer.development.js:14916:5)
      at dispatchSetState (node_modules/react-test-renderer/cjs/react-test-renderer.development.js:6767:7)
      at setStatus (src/app/issues/edit/[id].tsx:233:11)
      at asyncGeneratorStep (node_modules/@babel/runtime/helpers/asyncToGenerator.js:3:17)
      at _next (node_modules/@babel/runtime/helpers/asyncToGenerator.js:17:9)

  console.error
    Warning: An update to EditIssueScreen inside a test was not wrapped in act(...).
    
    When testing, code that causes React state updates should be wrapped into act(...):
    
    act(() => {
      /* fire events that update state */
    });
    /* assert on the output */
    
    This ensures that you're testing the behavior the user would see in the browser. Learn more at https://reactjs.org/link/wrap-tests-with-act
        at EditIssueScreen (C:\Users\Dexinox\Documents\kimi code\EverSiteAudit\src\app\issues\edit\[id].tsx:188:37)

    [0m [90m 232 |[39m           setSeverity(target[33m.[39mseverity)[33m;[39m
     [90m 233 |[39m           setStatus(target[33m.[39mstatus)[33m;[39m
    [31m[1m>[22m[39m[90m 234 |[39m           setLocationDescription(target[33m.[39mlocationDescription [33m?[39m[33m?[39m [32m''[39m)[33m;[39m
     [90m     |[39m           [31m[1m^[22m[39m
     [90m 235 |[39m           setAssignedTo(target[33m.[39massignedTo [33m?[39m[33m?[39m [32m''[39m)[33m;[39m
     [90m 236 |[39m           setDueDateInput(target[33m.[39mdueDate [33m?[39m [36mnew[39m [33mDate[39m(target[33m.[39mdueDate)[33m.[39mtoLocaleDateString() [33m:[39m [32m''[39m)[33m;[39m
     [90m 237 |[39m           setGpsLatitude(target[33m.[39mgpsLatitude [33m?[39m[33m?[39m [36mnull[39m)[33m;[39m[0m

      at printWarning (node_modules/react-test-renderer/cjs/react-test-renderer.development.js:72:30)
      at error (node_modules/react-test-renderer/cjs/react-test-renderer.development.js:46:7)
      at warnIfUpdatesNotWrappedWithActDEV (node_modules/react-test-renderer/cjs/react-test-renderer.development.js:16716:9)
      at scheduleUpdateOnFiber (node_modules/react-test-renderer/cjs/react-test-renderer.development.js:14916:5)
      at dispatchSetState (node_modules/react-test-renderer/cjs/react-test-renderer.development.js:6767:7)
      at setLocationDescription (src/app/issues/edit/[id].tsx:234:11)
      at asyncGeneratorStep (node_modules/@babel/runtime/helpers/asyncToGenerator.js:3:17)
      at _next (node_modules/@babel/runtime/helpers/asyncToGenerator.js:17:9)

  console.error
    Warning: An update to EditIssueScreen inside a test was not wrapped in act(...).
    
    When testing, code that causes React state updates should be wrapped into act(...):
    
    act(() => {
      /* fire events that update state */
    });
    /* assert on the output */
    
    This ensures that you're testing the behavior the user would see in the browser. Learn more at https://reactjs.org/link/wrap-tests-with-act
        at EditIssueScreen (C:\Users\Dexinox\Documents\kimi code\EverSiteAudit\src\app\issues\edit\[id].tsx:188:37)

    [0m [90m 233 |[39m           setStatus(target[33m.[39mstatus)[33m;[39m
     [90m 234 |[39m           setLocationDescription(target[33m.[39mlocationDescription [33m?[39m[33m?[39m [32m''[39m)[33m;[39m
    [31m[1m>[22m[39m[90m 235 |[39m           setAssignedTo(target[33m.[39massignedTo [33m?[39m[33m?[39m [32m''[39m)[33m;[39m
     [90m     |[39m           [31m[1m^[22m[39m
     [90m 236 |[39m           setDueDateInput(target[33m.[39mdueDate [33m?[39m [36mnew[39m [33mDate[39m(target[33m.[39mdueDate)[33m.[39mtoLocaleDateString() [33m:[39m [32m''[39m)[33m;[39m
     [90m 237 |[39m           setGpsLatitude(target[33m.[39mgpsLatitude [33m?[39m[33m?[39m [36mnull[39m)[33m;[39m
     [90m 238 |[39m           setGpsLongitude(target[33m.[39mgpsLongitude [33m?[39m[33m?[39m [36mnull[39m)[33m;[39m[0m

      at printWarning (node_modules/react-test-renderer/cjs/react-test-renderer.development.js:72:30)
      at error (node_modules/react-test-renderer/cjs/react-test-renderer.development.js:46:7)
      at warnIfUpdatesNotWrappedWithActDEV (node_modules/react-test-renderer/cjs/react-test-renderer.development.js:16716:9)
      at scheduleUpdateOnFiber (node_modules/react-test-renderer/cjs/react-test-renderer.development.js:14916:5)
      at dispatchSetState (node_modules/react-test-renderer/cjs/react-test-renderer.development.js:6767:7)
      at setAssignedTo (src/app/issues/edit/[id].tsx:235:11)
      at asyncGeneratorStep (node_modules/@babel/runtime/helpers/asyncToGenerator.js:3:17)
      at _next (node_modules/@babel/runtime/helpers/asyncToGenerator.js:17:9)

  console.error
    Warning: An update to EditIssueScreen inside a test was not wrapped in act(...).
    
    When testing, code that causes React state updates should be wrapped into act(...):
    
    act(() => {
      /* fire events that update state */
    });
    /* assert on the output */
    
    This ensures that you're testing the behavior the user would see in the browser. Learn more at https://reactjs.org/link/wrap-tests-with-act
        at EditIssueScreen (C:\Users\Dexinox\Documents\kimi code\EverSiteAudit\src\app\issues\edit\[id].tsx:188:37)

    [0m [90m 234 |[39m           setLocationDescription(target[33m.[39mlocationDescription [33m?[39m[33m?[39m [32m''[39m)[33m;[39m
     [90m 235 |[39m           setAssignedTo(target[33m.[39massignedTo [33m?[39m[33m?[39m [32m''[39m)[33m;[39m
    [31m[1m>[22m[39m[90m 236 |[39m           setDueDateInput(target[33m.[39mdueDate [33m?[39m [36mnew[39m [33mDate[39m(target[33m.[39mdueDate)[33m.[39mtoLocaleDateString() [33m:[39m [32m''[39m)[33m;[39m
     [90m     |[39m           [31m[1m^[22m[39m
     [90m 237 |[39m           setGpsLatitude(target[33m.[39mgpsLatitude [33m?[39m[33m?[39m [36mnull[39m)[33m;[39m
     [90m 238 |[39m           setGpsLongitude(target[33m.[39mgpsLongitude [33m?[39m[33m?[39m [36mnull[39m)[33m;[39m
     [90m 239 |[39m           setGpsAccuracy(target[33m.[39mgpsAccuracy [33m?[39m[33m?[39m [36mnull[39m)[33m;[39m[0m

      at printWarning (node_modules/react-test-renderer/cjs/react-test-renderer.development.js:72:30)
      at error (node_modules/react-test-renderer/cjs/react-test-renderer.development.js:46:7)
      at warnIfUpdatesNotWrappedWithActDEV (node_modules/react-test-renderer/cjs/react-test-renderer.development.js:16716:9)
      at scheduleUpdateOnFiber (node_modules/react-test-renderer/cjs/react-test-renderer.development.js:14916:5)
      at dispatchSetState (node_modules/react-test-renderer/cjs/react-test-renderer.development.js:6767:7)
      at setDueDateInput (src/app/issues/edit/[id].tsx:236:11)
      at asyncGeneratorStep (node_modules/@babel/runtime/helpers/asyncToGenerator.js:3:17)
      at _next (node_modules/@babel/runtime/helpers/asyncToGenerator.js:17:9)

  console.error
    Warning: An update to EditIssueScreen inside a test was not wrapped in act(...).
    
    When testing, code that causes React state updates should be wrapped into act(...):
    
    act(() => {
      /* fire events that update state */
    });
    /* assert on the output */
    
    This ensures that you're testing the behavior the user would see in the browser. Learn more at https://reactjs.org/link/wrap-tests-with-act
        at EditIssueScreen (C:\Users\Dexinox\Documents\kimi code\EverSiteAudit\src\app\issues\edit\[id].tsx:188:37)

    [0m [90m 235 |[39m           setAssignedTo(target[33m.[39massignedTo [33m?[39m[33m?[39m [32m''[39m)[33m;[39m
     [90m 236 |[39m           setDueDateInput(target[33m.[39mdueDate [33m?[39m [36mnew[39m [33mDate[39m(target[33m.[39mdueDate)[33m.[39mtoLocaleDateString() [33m:[39m [32m''[39m)[33m;[39m
    [31m[1m>[22m[39m[90m 237 |[39m           setGpsLatitude(target[33m.[39mgpsLatitude [33m?[39m[33m?[39m [36mnull[39m)[33m;[39m
     [90m     |[39m           [31m[1m^[22m[39m
     [90m 238 |[39m           setGpsLongitude(target[33m.[39mgpsLongitude [33m?[39m[33m?[39m [36mnull[39m)[33m;[39m
     [90m 239 |[39m           setGpsAccuracy(target[33m.[39mgpsAccuracy [33m?[39m[33m?[39m [36mnull[39m)[33m;[39m
     [90m 240 |[39m           setVoiceNoteUrl(target[33m.[39mvoiceNoteUrl [33m?[39m[33m?[39m [36mnull[39m)[33m;[39m[0m

      at printWarning (node_modules/react-test-renderer/cjs/react-test-renderer.development.js:72:30)
      at error (node_modules/react-test-renderer/cjs/react-test-renderer.development.js:46:7)
      at warnIfUpdatesNotWrappedWithActDEV (node_modules/react-test-renderer/cjs/react-test-renderer.development.js:16716:9)
      at scheduleUpdateOnFiber (node_modules/react-test-renderer/cjs/react-test-renderer.development.js:14916:5)
      at dispatchSetState (node_modules/react-test-renderer/cjs/react-test-renderer.development.js:6767:7)
      at setGpsLatitude (src/app/issues/edit/[id].tsx:237:11)
      at asyncGeneratorStep (node_modules/@babel/runtime/helpers/asyncToGenerator.js:3:17)
      at _next (node_modules/@babel/runtime/helpers/asyncToGenerator.js:17:9)

  console.error
    Warning: An update to EditIssueScreen inside a test was not wrapped in act(...).
    
    When testing, code that causes React state updates should be wrapped into act(...):
    
    act(() => {
      /* fire events that update state */
    });
    /* assert on the output */
    
    This ensures that you're testing the behavior the user would see in the browser. Learn more at https://reactjs.org/link/wrap-tests-with-act
        at EditIssueScreen (C:\Users\Dexinox\Documents\kimi code\EverSiteAudit\src\app\issues\edit\[id].tsx:188:37)

    [0m [90m 236 |[39m           setDueDateInput(target[33m.[39mdueDate [33m?[39m [36mnew[39m [33mDate[39m(target[33m.[39mdueDate)[33m.[39mtoLocaleDateString() [33m:[39m [32m''[39m)[33m;[39m
     [90m 237 |[39m           setGpsLatitude(target[33m.[39mgpsLatitude [33m?[39m[33m?[39m [36mnull[39m)[33m;[39m
    [31m[1m>[22m[39m[90m 238 |[39m           setGpsLongitude(target[33m.[39mgpsLongitude [33m?[39m[33m?[39m [36mnull[39m)[33m;[39m
     [90m     |[39m           [31m[1m^[22m[39m
     [90m 239 |[39m           setGpsAccuracy(target[33m.[39mgpsAccuracy [33m?[39m[33m?[39m [36mnull[39m)[33m;[39m
     [90m 240 |[39m           setVoiceNoteUrl(target[33m.[39mvoiceNoteUrl [33m?[39m[33m?[39m [36mnull[39m)[33m;[39m
     [90m 241 |[39m         }[0m

      at printWarning (node_modules/react-test-renderer/cjs/react-test-renderer.development.js:72:30)
      at error (node_modules/react-test-renderer/cjs/react-test-renderer.development.js:46:7)
      at warnIfUpdatesNotWrappedWithActDEV (node_modules/react-test-renderer/cjs/react-test-renderer.development.js:16716:9)
      at scheduleUpdateOnFiber (node_modules/react-test-renderer/cjs/react-test-renderer.development.js:14916:5)
      at dispatchSetState (node_modules/react-test-renderer/cjs/react-test-renderer.development.js:6767:7)
      at setGpsLongitude (src/app/issues/edit/[id].tsx:238:11)
      at asyncGeneratorStep (node_modules/@babel/runtime/helpers/asyncToGenerator.js:3:17)
      at _next (node_modules/@babel/runtime/helpers/asyncToGenerator.js:17:9)

  console.error
    Warning: An update to EditIssueScreen inside a test was not wrapped in act(...).
    
    When testing, code that causes React state updates should be wrapped into act(...):
    
    act(() => {
      /* fire events that update state */
    });
    /* assert on the output */
    
    This ensures that you're testing the behavior the user would see in the browser. Learn more at https://reactjs.org/link/wrap-tests-with-act
        at EditIssueScreen (C:\Users\Dexinox\Documents\kimi code\EverSiteAudit\src\app\issues\edit\[id].tsx:188:37)

    [0m [90m 237 |[39m           setGpsLatitude(target[33m.[39mgpsLatitude [33m?[39m[33m?[39m [36mnull[39m)[33m;[39m
     [90m 238 |[39m           setGpsLongitude(target[33m.[39mgpsLongitude [33m?[39m[33m?[39m [36mnull[39m)[33m;[39m
    [31m[1m>[22m[39m[90m 239 |[39m           setGpsAccuracy(target[33m.[39mgpsAccuracy [33m?[39m[33m?[39m [36mnull[39m)[33m;[39m
     [90m     |[39m           [31m[1m^[22m[39m
     [90m 240 |[39m           setVoiceNoteUrl(target[33m.[39mvoiceNoteUrl [33m?[39m[33m?[39m [36mnull[39m)[33m;[39m
     [90m 241 |[39m         }
     [90m 242 |[39m         setIsLoading([36mfalse[39m)[33m;[39m[0m

      at printWarning (node_modules/react-test-renderer/cjs/react-test-renderer.development.js:72:30)
      at error (node_modules/react-test-renderer/cjs/react-test-renderer.development.js:46:7)
      at warnIfUpdatesNotWrappedWithActDEV (node_modules/react-test-renderer/cjs/react-test-renderer.development.js:16716:9)
      at scheduleUpdateOnFiber (node_modules/react-test-renderer/cjs/react-test-renderer.development.js:14916:5)
      at dispatchSetState (node_modules/react-test-renderer/cjs/react-test-renderer.development.js:6767:7)
      at setGpsAccuracy (src/app/issues/edit/[id].tsx:239:11)
      at asyncGeneratorStep (node_modules/@babel/runtime/helpers/asyncToGenerator.js:3:17)
      at _next (node_modules/@babel/runtime/helpers/asyncToGenerator.js:17:9)

  console.error
    Warning: An update to EditIssueScreen inside a test was not wrapped in act(...).
    
    When testing, code that causes React state updates should be wrapped into act(...):
    
    act(() => {
      /* fire events that update state */
    });
    /* assert on the output */
    
    This ensures that you're testing the behavior the user would see in the browser. Learn more at https://reactjs.org/link/wrap-tests-with-act
        at EditIssueScreen (C:\Users\Dexinox\Documents\kimi code\EverSiteAudit\src\app\issues\edit\[id].tsx:188:37)

    [0m [90m 238 |[39m           setGpsLongitude(target[33m.[39mgpsLongitude [33m?[39m[33m?[39m [36mnull[39m)[33m;[39m
     [90m 239 |[39m           setGpsAccuracy(target[33m.[39mgpsAccuracy [33m?[39m[33m?[39m [36mnull[39m)[33m;[39m
    [31m[1m>[22m[39m[90m 240 |[39m           setVoiceNoteUrl(target[33m.[39mvoiceNoteUrl [33m?[39m[33m?[39m [36mnull[39m)[33m;[39m
     [90m     |[39m           [31m[1m^[22m[39m
     [90m 241 |[39m         }
     [90m 242 |[39m         setIsLoading([36mfalse[39m)[33m;[39m
     [90m 243 |[39m       }[0m

      at printWarning (node_modules/react-test-renderer/cjs/react-test-renderer.development.js:72:30)
      at error (node_modules/react-test-renderer/cjs/react-test-renderer.development.js:46:7)
      at warnIfUpdatesNotWrappedWithActDEV (node_modules/react-test-renderer/cjs/react-test-renderer.development.js:16716:9)
      at scheduleUpdateOnFiber (node_modules/react-test-renderer/cjs/react-test-renderer.development.js:14916:5)
      at dispatchSetState (node_modules/react-test-renderer/cjs/react-test-renderer.development.js:6767:7)
      at setVoiceNoteUrl (src/app/issues/edit/[id].tsx:240:11)
      at asyncGeneratorStep (node_modules/@babel/runtime/helpers/asyncToGenerator.js:3:17)
      at _next (node_modules/@babel/runtime/helpers/asyncToGenerator.js:17:9)

  console.error
    Warning: An update to EditIssueScreen inside a test was not wrapped in act(...).
    
    When testing, code that causes React state updates should be wrapped into act(...):
    
    act(() => {
      /* fire events that update state */
    });
    /* assert on the output */
    
    This ensures that you're testing the behavior the user would see in the browser. Learn more at https://reactjs.org/link/wrap-tests-with-act
        at EditIssueScreen (C:\Users\Dexinox\Documents\kimi code\EverSiteAudit\src\app\issues\edit\[id].tsx:188:37)

    [0m [90m 240 |[39m           setVoiceNoteUrl(target[33m.[39mvoiceNoteUrl [33m?[39m[33m?[39m [36mnull[39m)[33m;[39m
     [90m 241 |[39m         }
    [31m[1m>[22m[39m[90m 242 |[39m         setIsLoading([36mfalse[39m)[33m;[39m
     [90m     |[39m         [31m[1m^[22m[39m
     [90m 243 |[39m       }
     [90m 244 |[39m     }
     [90m 245 |[39m     [36mvoid[39m fetchIssue()[33m;[39m[0m

      at printWarning (node_modules/react-test-renderer/cjs/react-test-renderer.development.js:72:30)
      at error (node_modules/react-test-renderer/cjs/react-test-renderer.development.js:46:7)
      at warnIfUpdatesNotWrappedWithActDEV (node_modules/react-test-renderer/cjs/react-test-renderer.development.js:16716:9)
      at scheduleUpdateOnFiber (node_modules/react-test-renderer/cjs/react-test-renderer.development.js:14916:5)
      at dispatchSetState (node_modules/react-test-renderer/cjs/react-test-renderer.development.js:6767:7)
      at setIsLoading (src/app/issues/edit/[id].tsx:242:9)
      at asyncGeneratorStep (node_modules/@babel/runtime/helpers/asyncToGenerator.js:3:17)
      at _next (node_modules/@babel/runtime/helpers/asyncToGenerator.js:17:9)

  console.error
    Warning: An update to TrashScreen inside a test was not wrapped in act(...).
    
    When testing, code that causes React state updates should be wrapped into act(...):
    
    act(() => {
      /* fire events that update state */
    });
    /* assert on the output */
    
    This ensures that you're testing the behavior the user would see in the browser. Learn more at https://reactjs.org/link/wrap-tests-with-act
        at TrashScreen (C:\Users\Dexinox\Documents\kimi code\EverSiteAudit\src\app\trash\index.tsx:17:45)

    [0m [90m 36 |[39m       setIssues(i)[33m;[39m
     [90m 37 |[39m     } [36mcatch[39m {
    [31m[1m>[22m[39m[90m 38 |[39m       setToast({ message[33m:[39m [32m'Failed to load trash'[39m[33m,[39m variant[33m:[39m [32m'error'[39m })[33m;[39m
     [90m    |[39m       [31m[1m^[22m[39m
     [90m 39 |[39m     } [36mfinally[39m {
     [90m 40 |[39m       setIsLoading([36mfalse[39m)[33m;[39m
     [90m 41 |[39m     }[0m

      at printWarning (node_modules/react-test-renderer/cjs/react-test-renderer.development.js:72:30)
      at error (node_modules/react-test-renderer/cjs/react-test-renderer.development.js:46:7)
      at warnIfUpdatesNotWrappedWithActDEV (node_modules/react-test-renderer/cjs/react-test-renderer.development.js:16716:9)
      at scheduleUpdateOnFiber (node_modules/react-test-renderer/cjs/react-test-renderer.development.js:14916:5)
      at dispatchSetState (node_modules/react-test-renderer/cjs/react-test-renderer.development.js:6767:7)
      at setToast (src/app/trash/index.tsx:38:7)
      at asyncGeneratorStep (node_modules/@babel/runtime/helpers/asyncToGenerator.js:3:17)
      at _next (node_modules/@babel/runtime/helpers/asyncToGenerator.js:17:9)

  console.error
    Warning: An update to TrashScreen inside a test was not wrapped in act(...).
    
    When testing, code that causes React state updates should be wrapped into act(...):
    
    act(() => {
      /* fire events that update state */
    });
    /* assert on the output */
    
    This ensures that you're testing the behavior the user would see in the browser. Learn more at https://reactjs.org/link/wrap-tests-with-act
        at TrashScreen (C:\Users\Dexinox\Documents\kimi code\EverSiteAudit\src\app\trash\index.tsx:17:45)

    [0m [90m 38 |[39m       setToast({ message[33m:[39m [32m'Failed to load trash'[39m[33m,[39m variant[33m:[39m [32m'error'[39m })[33m;[39m
     [90m 39 |[39m     } [36mfinally[39m {
    [31m[1m>[22m[39m[90m 40 |[39m       setIsLoading([36mfalse[39m)[33m;[39m
     [90m    |[39m       [31m[1m^[22m[39m
     [90m 41 |[39m     }
     [90m 42 |[39m   }[33m,[39m [loadDeletedProjects[33m,[39m loadDeletedIssues])[33m;[39m
     [90m 43 |[39m[0m

      at printWarning (node_modules/react-test-renderer/cjs/react-test-renderer.development.js:72:30)
      at error (node_modules/react-test-renderer/cjs/react-test-renderer.development.js:46:7)
      at warnIfUpdatesNotWrappedWithActDEV (node_modules/react-test-renderer/cjs/react-test-renderer.development.js:16716:9)
      at scheduleUpdateOnFiber (node_modules/react-test-renderer/cjs/react-test-renderer.development.js:14916:5)
      at dispatchSetState (node_modules/react-test-renderer/cjs/react-test-renderer.development.js:6767:7)
      at setIsLoading (src/app/trash/index.tsx:40:7)
      at asyncGeneratorStep (node_modules/@babel/runtime/helpers/asyncToGenerator.js:3:17)
      at _next (node_modules/@babel/runtime/helpers/asyncToGenerator.js:17:9)

  console.error
    Warning: An update to OnboardingScreen inside a test was not wrapped in act(...).
    
    When testing, code that causes React state updates should be wrapped into act(...):
    
    act(() => {
      /* fire events that update state */
    });
    /* assert on the output */
    
    This ensures that you're testing the behavior the user would see in the browser. Learn more at https://reactjs.org/link/wrap-tests-with-act
        at OnboardingScreen (C:\Users\Dexinox\Documents\kimi code\EverSiteAudit\src\app\onboarding.tsx:49:45)

    [0m [90m 69 |[39m         [36mconst[39m data [33m=[39m [36mawait[39m templateRepository[33m.[39mgetByType([32m'project_structure'[39m)[33m;[39m
     [90m 70 |[39m         [36mif[39m ([33m![39mcancelled) {
    [31m[1m>[22m[39m[90m 71 |[39m           setTemplates(data)[33m;[39m
     [90m    |[39m           [31m[1m^[22m[39m
     [90m 72 |[39m           [36mconst[39m defaultTemplate [33m=[39m data[33m.[39mfind((t) [33m=>[39m t[33m.[39misDefault [33m===[39m [35m1[39m) [33m?[39m[33m?[39m data[[35m0[39m] [33m?[39m[33m?[39m [36mnull[39m[33m;[39m
     [90m 73 |[39m           [36mif[39m (defaultTemplate) {
     [90m 74 |[39m             setSelectedTemplateId(defaultTemplate[33m.[39mid)[33m;[39m[0m

      at printWarning (node_modules/react-test-renderer/cjs/react-test-renderer.development.js:72:30)
      at error (node_modules/react-test-renderer/cjs/react-test-renderer.development.js:46:7)
      at warnIfUpdatesNotWrappedWithActDEV (node_modules/react-test-renderer/cjs/react-test-renderer.development.js:16716:9)
      at scheduleUpdateOnFiber (node_modules/react-test-renderer/cjs/react-test-renderer.development.js:14916:5)
      at dispatchSetState (node_modules/react-test-renderer/cjs/react-test-renderer.development.js:6767:7)
      at setTemplates (src/app/onboarding.tsx:71:11)
      at asyncGeneratorStep (node_modules/@babel/runtime/helpers/asyncToGenerator.js:3:17)
      at _next (node_modules/@babel/runtime/helpers/asyncToGenerator.js:17:9)

  console.error
    Warning: An update to OnboardingScreen inside a test was not wrapped in act(...).
    
    When testing, code that causes React state updates should be wrapped into act(...):
    
    act(() => {
      /* fire events that update state */
    });
    /* assert on the output */
    
    This ensures that you're testing the behavior the user would see in the browser. Learn more at https://reactjs.org/link/wrap-tests-with-act
        at OnboardingScreen (C:\Users\Dexinox\Documents\kimi code\EverSiteAudit\src\app\onboarding.tsx:49:45)

    [0m [90m 72 |[39m           [36mconst[39m defaultTemplate [33m=[39m data[33m.[39mfind((t) [33m=>[39m t[33m.[39misDefault [33m===[39m [35m1[39m) [33m?[39m[33m?[39m data[[35m0[39m] [33m?[39m[33m?[39m [36mnull[39m[33m;[39m
     [90m 73 |[39m           [36mif[39m (defaultTemplate) {
    [31m[1m>[22m[39m[90m 74 |[39m             setSelectedTemplateId(defaultTemplate[33m.[39mid)[33m;[39m
     [90m    |[39m             [31m[1m^[22m[39m
     [90m 75 |[39m           }
     [90m 76 |[39m         }
     [90m 77 |[39m       } [36mcatch[39m (err) {[0m

      at printWarning (node_modules/react-test-renderer/cjs/react-test-renderer.development.js:72:30)
      at error (node_modules/react-test-renderer/cjs/react-test-renderer.development.js:46:7)
      at warnIfUpdatesNotWrappedWithActDEV (node_modules/react-test-renderer/cjs/react-test-renderer.development.js:16716:9)
      at scheduleUpdateOnFiber (node_modules/react-test-renderer/cjs/react-test-renderer.development.js:14916:5)
      at dispatchSetState (node_modules/react-test-renderer/cjs/react-test-renderer.development.js:6767:7)
      at setSelectedTemplateId (src/app/onboarding.tsx:74:13)
      at asyncGeneratorStep (node_modules/@babel/runtime/helpers/asyncToGenerator.js:3:17)
      at _next (node_modules/@babel/runtime/helpers/asyncToGenerator.js:17:9)

  console.error
    Warning: An update to OnboardingScreen inside a test was not wrapped in act(...).
    
    When testing, code that causes React state updates should be wrapped into act(...):
    
    act(() => {
      /* fire events that update state */
    });
    /* assert on the output */
    
    This ensures that you're testing the behavior the user would see in the browser. Learn more at https://reactjs.org/link/wrap-tests-with-act
        at OnboardingScreen (C:\Users\Dexinox\Documents\kimi code\EverSiteAudit\src\app\onboarding.tsx:49:45)

    [0m [90m 81 |[39m       } [36mfinally[39m {
     [90m 82 |[39m         [36mif[39m ([33m![39mcancelled) {
    [31m[1m>[22m[39m[90m 83 |[39m           setIsLoadingTemplates([36mfalse[39m)[33m;[39m
     [90m    |[39m           [31m[1m^[22m[39m
     [90m 84 |[39m         }
     [90m 85 |[39m       }
     [90m 86 |[39m     }[0m

      at printWarning (node_modules/react-test-renderer/cjs/react-test-renderer.development.js:72:30)
      at error (node_modules/react-test-renderer/cjs/react-test-renderer.development.js:46:7)
      at warnIfUpdatesNotWrappedWithActDEV (node_modules/react-test-renderer/cjs/react-test-renderer.development.js:16716:9)
      at scheduleUpdateOnFiber (node_modules/react-test-renderer/cjs/react-test-renderer.development.js:14916:5)
      at dispatchSetState (node_modules/react-test-renderer/cjs/react-test-renderer.development.js:6767:7)
      at setIsLoadingTemplates (src/app/onboarding.tsx:83:11)
      at asyncGeneratorStep (node_modules/@babel/runtime/helpers/asyncToGenerator.js:3:17)
      at _next (node_modules/@babel/runtime/helpers/asyncToGenerator.js:17:9)

node.exe : FAIL tests/accessibility/screenCoverage.test.tsx
At line:1 char:1
+ & "C:\Program Files\nodejs/node.exe" "C:\Program Files\nodejs/node_mo ...
+ ~~~~~~~~~~~~~~~~~~~~~~~~~~~~~~~~~~~~~~~~~~~~~~~~~~~~~~~~~~~~~~~~~~~~~
    + CategoryInfo          : NotSpecified: (FAIL tests/acce...verage.test.tsx:String) [], RemoteException
    + FullyQualifiedErrorId : NativeCommandError
 
  Accessibility screen coverage
    Tab screens
      ΓêÜ (tabs)/index ΓÇö Projects list has accessible interactive elements, headings (172 ms)
      ΓêÜ (tabs)/activity ΓÇö Activity has accessible interactive elements (7 ms)
      ΓêÜ (tabs)/settings ΓÇö Settings has accessible interactive elements, headings (112 ms)
      ├ù (tabs)/_layout ΓÇö Tab layout renders (14 ms)
    Project screens
      ΓêÜ projects/new ΓÇö New Project has accessible interactive elements (14 ms)
      ΓêÜ projects/[id] ΓÇö Project Detail has accessible interactive elements, headings (14 ms)
      ├ù projects/edit/[id] ΓÇö Edit Project has accessible interactive elements (14 ms)
    Issue screens
      ΓêÜ issues/new ΓÇö New Issue has accessible interactive elements (2 ms)
      ΓêÜ issues/[id] ΓÇö Issue Detail has accessible interactive elements, headings (42 ms)
      ΓêÜ issues/edit/[id] ΓÇö Edit Issue has accessible interactive elements (42 ms)
    Photo screens
      ├ù photos/[id] ΓÇö Photo Viewer has accessible images, interactive elements, headings (1 ms)
      ├ù photos/annotate/[id] ΓÇö Photo Annotation has accessible interactive elements, images (1 ms)
    Utility screens
      ΓêÜ templates/index ΓÇö Templates has accessible interactive elements, modals (3 ms)
      ΓêÜ export/index ΓÇö Export has accessible interactive elements, headings (1 ms)
      ΓêÜ migration/index ΓÇö Migration Wizard has accessible interactive elements, headings (2 ms)
      ΓêÜ camera ΓÇö Camera has accessible interactive elements (1 ms)
      ΓêÜ trash/index ΓÇö Trash has accessible interactive elements, headings (6 ms)
    Onboarding screens
      ΓêÜ onboarding ΓÇö Onboarding has accessible interactive elements, headings (10 ms)
      ΓêÜ onboarding/OnboardingCarousel ΓÇö renders pages with heading roles (1 ms)
      ΓêÜ onboarding/ProfileSetupForm ΓÇö has accessible text inputs (1 ms)
      ΓêÜ onboarding/TemplateSelector ΓÇö has accessible interactive elements (1 ms)

  ΓùÅ Accessibility screen coverage ΓÇ║ Tab screens ΓÇ║ (tabs)/_layout ΓÇö Tab layout renders

    TypeError: Cannot read properties of undefined (reading 'Screen')

    [0m [90m 31 |[39m       }}
     [90m 32 |[39m     [33m>[39m
    [31m[1m>[22m[39m[90m 33 |[39m       [33m<[39m[33mTabs[39m[33m.[39m[33mScreen[39m
     [90m    |[39m             [31m[1m^[22m[39m
     [90m 34 |[39m         name[33m=[39m[32m"index"[39m
     [90m 35 |[39m         options[33m=[39m{{
     [90m 36 |[39m           title[33m:[39m [32m'Projects'[39m[33m,[39m[0m

      at Screen (C:\Users\Dexinox\Documents\kimi code\EverSiteAudit\src\app\(tabs)../../../../../_layout.tsx:33:13)
      at renderWithHooks (node_modules/react-test-renderer/cjs/react-test-renderer.development.js:5608:18)
      at mountIndeterminateComponent (node_modules/react-test-renderer/cjs/react-test-renderer.development.js:9884:13)
      at beginWork (node_modules/react-test-renderer/cjs/react-test-renderer.development.js:11351:16)
      at performUnitOfWork (node_modules/react-test-renderer/cjs/react-test-renderer.development.js:15847:12)
      at workLoopSync (node_modules/react-test-renderer/cjs/react-test-renderer.development.js:15784:5)
      at renderRootSync (node_modules/react-test-renderer/cjs/react-test-renderer.development.js:15756:7)
      at recoverFromConcurrentError (node_modules/react-test-renderer/cjs/react-test-renderer.development.js:15226:20)
      at performConcurrentWorkOnRoot (node_modules/react-test-renderer/cjs/react-test-renderer.development.js:15126:22)
      at flushActQueue (node_modules/react/cjs/react.development.js:2667:24)
      at act (node_modules/react/cjs/react.development.js:2582:11)
      at actImplementation (node_modules/@testing-library/react-native/src/act.ts:30:25)
      at renderWithAct (node_modules/@testing-library/react-native/src/render-act.ts:13:11)
      at renderInternal (node_modules/@testing-library/react-native/src/render.tsx:69:33)
      at renderInternal (node_modules/@testing-library/react-native/src/render.tsx:44:10)
      at Object.<anonymous> (tests/accessibility/screenCoverage.test.tsx:609:13)

  ΓùÅ Accessibility screen coverage ΓÇ║ Project screens ΓÇ║ projects/edit/[id] ΓÇö Edit Project has accessible 
interactive elements

    expect(received).toBeGreaterThan(expected)

    Expected: > 0
    Received:   0

    [0m [90m 642 |[39m
     [90m 643 |[39m       [36mconst[39m interactive [33m=[39m checkInteractiveElements(tree)[33m;[39m
    [31m[1m>[22m[39m[90m 644 |[39m       
expect(interactive[33m.[39mlength)[33m.[39mtoBeGreaterThan([35m0[39m)[33m;[39m
     [90m     |[39m                                  [31m[1m^[22m[39m
     [90m 645 |[39m       expect(interactive[33m.[39mevery((i) [33m=>[39m 
i[33m.[39mhasLabelOrRole))[33m.[39mtoBe([36mtrue[39m)[33m;[39m
     [90m 646 |[39m     })[33m;[39m
     [90m 647 |[39m   })[33m;[39m[0m

      at Object.toBeGreaterThan (tests/accessibility/screenCoverage.test.tsx:644:34)

  ΓùÅ Accessibility screen coverage ΓÇ║ Photo screens ΓÇ║ photos/[id] ΓÇö Photo Viewer has accessible images, 
interactive elements, headings

    expect(received).toBeGreaterThan(expected)

    Expected: > 0
    Received:   0

    [0m [90m 689 |[39m
     [90m 690 |[39m       [36mconst[39m images [33m=[39m checkImages(tree)[33m;[39m
    [31m[1m>[22m[39m[90m 691 |[39m       
expect(images[33m.[39mlength)[33m.[39mtoBeGreaterThan([35m0[39m)[33m;[39m
     [90m     |[39m                             [31m[1m^[22m[39m
     [90m 692 |[39m       expect(images[33m.[39mevery((img) [33m=>[39m 
img[33m.[39mhasLabel))[33m.[39mtoBe([36mtrue[39m)[33m;[39m
     [90m 693 |[39m
     [90m 694 |[39m       [36mconst[39m interactive [33m=[39m checkInteractiveElements(tree)[33m;[39m[0m

      at Object.toBeGreaterThan (tests/accessibility/screenCoverage.test.tsx:691:29)

  ΓùÅ Accessibility screen coverage ΓÇ║ Photo screens ΓÇ║ photos/annotate/[id] ΓÇö Photo Annotation has accessible 
interactive elements, images

    expect(received).toBeGreaterThan(expected)

    Expected: > 0
    Received:   0

    [0m [90m 703 |[39m
     [90m 704 |[39m       [36mconst[39m images [33m=[39m checkImages(tree)[33m;[39m
    [31m[1m>[22m[39m[90m 705 |[39m       
expect(images[33m.[39mlength)[33m.[39mtoBeGreaterThan([35m0[39m)[33m;[39m
     [90m     |[39m                             [31m[1m^[22m[39m
     [90m 706 |[39m       expect(images[33m.[39mevery((img) [33m=>[39m 
img[33m.[39mhasLabel))[33m.[39mtoBe([36mtrue[39m)[33m;[39m
     [90m 707 |[39m
     [90m 708 |[39m       [36mconst[39m interactive [33m=[39m checkInteractiveElements(tree)[33m;[39m[0m

      at Object.toBeGreaterThan (tests/accessibility/screenCoverage.test.tsx:705:29)

Test Suites: 1 failed, 1 total
Tests:       4 failed, 17 passed, 21 total
Snapshots:   0 total
Time:        1.16 s, estimated 2 s
Ran all test suites matching /tests\\accessibility\\screenCoverage.test.tsx/i.
